Component: ARM Compiler 5.05 update 1 (build 106) Tool: armlink [4d0efa]

==============================================================================

Section Cross References

    main.o(.text) refers to _printf_percent.o(.ARM.Collect$$_printf_percent$$00000000) for _printf_percent
    main.o(.text) refers to _printf_d.o(.ARM.Collect$$_printf_percent$$00000009) for _printf_d
    main.o(.text) refers to _printf_dec.o(.text) for _printf_int_dec
    main.o(.text) refers to _printf_pad.o(.text) for _printf_pre_padding
    main.o(.text) refers to _printf_f.o(.ARM.Collect$$_printf_percent$$00000003) for _printf_f
    main.o(.text) refers to printf1.o(x$fpl$printf1) for _printf_fp_dec
    main.o(.text) refers to _scanf_str.o(.text) for _scanf_string
    main.o(.text) refers to __2printf.o(.text) for __2printf
    main.o(.text) refers to stm32f10x_rtc.o(.text) for RTC_GetCounter
    main.o(.text) refers to os_time.o(.text) for OSTimeDlyHMSM
    main.o(.text) refers to esp8266.o(.text) for numToString
    main.o(.text) refers to ffixu.o(x$fpl$ffixu) for __aeabi_f2uiz
    main.o(.text) refers to lcd.o(.text) for LCD_Fill
    main.o(.text) refers to sim800c.o(.text) for sim800c_load_keyboard0
    main.o(.text) refers to usart3.o(.text) for u3_printf
    main.o(.text) refers to servo.o(.text) for Servo_Init
    main.o(.text) refers to __2sprintf.o(.text) for __2sprintf
    main.o(.text) refers to faddsub_clz.o(x$fpl$fadd) for __aeabi_fadd
    main.o(.text) refers to f2d.o(x$fpl$f2d) for __aeabi_f2d
    main.o(.text) refers to key.o(.text) for KEY_Init
    main.o(.text) refers to rc522.o(.text) for RFID_Init
    main.o(.text) refers to main.o(.data) for .data
    main.o(.text) refers to esp8266.o(.data) for strValue
    main.o(.text) refers to touch.o(.data) for tp_dev
    main.o(.text) refers to rtc.o(.bss) for calendar
    main.o(.text) refers to lcd.o(.data) for POINT_COLOR
    main.o(.text) refers to main.o(.bss) for .bss
    main.o(.text) refers to rc522.o(.data) for UID
    main.o(.text) refers to beep.o(.text) for Buzzer2
    main.o(.text) refers to flash.o(.text) for FLASH_Clear
    main.o(.text) refers to delay.o(.text) for delay_ms
    main.o(.text) refers to cpu_core.o(.text) for CPU_Init
    main.o(.text) refers to os_stat.o(.text) for OSStatTaskCPUUsageInit
    main.o(.text) refers to os_core.o(.text) for OSSchedRoundRobinCfg
    main.o(.text) refers to cpu_a.o(.text) for CPU_SR_Save
    main.o(.text) refers to os_tmr.o(.text) for OSTmrCreate
    main.o(.text) refers to os_var.o(.data) for OSSchedLockNestingCtr
    main.o(.text) refers to os_task.o(.text) for OSTaskCreate
    main.o(.text) refers to misc.o(.text) for NVIC_PriorityGroupConfig
    main.o(.text) refers to usart.o(.text) for uart_init
    main.o(.text) refers to rtc.o(.text) for RTC_Init
    main.o(.text) refers to stm32f10x_usart.o(.text) for USART_GetITStatus
    main.o(.text) refers to __0sscanf.o(.text) for __0sscanf
    main.o(.text) refers to atoi.o(.text) for atoi
    main.o(.text) refers to atof.o(i.atof) for atof
    main.o(.text) refers to d2f.o(x$fpl$d2f) for __aeabi_d2f
    main.o(.text) refers to dfix.o(x$fpl$dfix) for __aeabi_d2iz
    main.o(.text) refers to rt_memclr_w.o(.text) for __aeabi_memclr4
    main.o(.text) refers to os_var.o(.data) for OSIntQNbrEntries
    main.o(.text) refers to system_stm32f10x.o(.data) for SystemCoreClock
    main.o(.text) refers to usmart_config.o(.data) for usmart_dev
    main.o(.text) refers to main.o(.conststring) for .conststring
    system_stm32f10x.o(.text) refers to system_stm32f10x.o(.data) for .data
    led.o(.text) refers to stm32f10x_rcc.o(.text) for RCC_APB2PeriphClockCmd
    led.o(.text) refers to stm32f10x_gpio.o(.text) for GPIO_Init
    key.o(.text) refers to stm32f10x_rcc.o(.text) for RCC_APB2PeriphClockCmd
    key.o(.text) refers to stm32f10x_gpio.o(.text) for GPIO_Init
    key.o(.text) refers to delay.o(.text) for delay_ms
    key.o(.text) refers to key.o(.data) for .data
    lcd.o(.text) refers to _printf_percent.o(.ARM.Collect$$_printf_percent$$00000000) for _printf_percent
    lcd.o(.text) refers to _printf_x.o(.ARM.Collect$$_printf_percent$$0000000C) for _printf_x
    lcd.o(.text) refers to _printf_hex_int_ll_ptr.o(.text) for _printf_longlong_hex
    lcd.o(.text) refers to delay.o(.text) for delay_us
    lcd.o(.text) refers to lcd.o(.bss) for .bss
    lcd.o(.text) refers to dflt_clz.o(x$fpl$dfltu) for __aeabi_ui2d
    lcd.o(.text) refers to dmul.o(x$fpl$dmul) for __aeabi_dmul
    lcd.o(.text) refers to dfixu.o(x$fpl$dfixu) for __aeabi_d2uiz
    lcd.o(.text) refers to lcd.o(.data) for .data
    lcd.o(.text) refers to stm32f10x_rcc.o(.text) for RCC_AHBPeriphClockCmd
    lcd.o(.text) refers to stm32f10x_gpio.o(.text) for GPIO_Init
    lcd.o(.text) refers to stm32f10x_fsmc.o(.text) for FSMC_NORSRAMInit
    lcd.o(.text) refers to __2printf.o(.text) for __2printf
    lcd.o(.text) refers to lcd.o(.constdata) for .constdata
[...]
    _dmul                                    0x0801a049   Thumb Code   332  dmul.o(x$fpl$dmul)
    __fpl_dnaninf                            0x0801a19d   Thumb Code   156  dnaninf.o(x$fpl$dnaninf)
    __fpl_dretinf                            0x0801a239   Thumb Code    12  dretinf.o(x$fpl$dretinf)
    __aeabi_cdrcmple                         0x0801a245   Thumb Code     0  drleqf.o(x$fpl$drleqf)
    _drcmple                                 0x0801a245   Thumb Code   108  drleqf.o(x$fpl$drleqf)
    __aeabi_drsub                            0x0801a2b1   Thumb Code     0  daddsub_clz.o(x$fpl$drsb)
    _drsb                                    0x0801a2b1   Thumb Code    22  daddsub_clz.o(x$fpl$drsb)
    _dsqrt                                   0x0801a2c9   Thumb Code   456  dsqrt_noumaal.o(x$fpl$dsqrt)
    __aeabi_dsub                             0x0801a495   Thumb Code     0  daddsub_clz.o(x$fpl$dsub)
    _dsub                                    0x0801a495   Thumb Code   464  daddsub_clz.o(x$fpl$dsub)
    __aeabi_f2d                              0x0801a669   Thumb Code     0  f2d.o(x$fpl$f2d)
    _f2d                                     0x0801a669   Thumb Code    86  f2d.o(x$fpl$f2d)
    __aeabi_fadd                             0x0801a6c1   Thumb Code     0  faddsub_clz.o(x$fpl$fadd)
    _fadd                                    0x0801a6c1   Thumb Code   196  faddsub_clz.o(x$fpl$fadd)
    __fpl_fcheck_NaN1                        0x0801a785   Thumb Code     6  fcheck1.o(x$fpl$fcheck1)
    __aeabi_fdiv                             0x0801a791   Thumb Code     0  fdiv.o(x$fpl$fdiv)
    _fdiv                                    0x0801a791   Thumb Code   384  fdiv.o(x$fpl$fdiv)
    __aeabi_f2iz                             0x0801a915   Thumb Code     0  ffix.o(x$fpl$ffix)
    _ffix                                    0x0801a915   Thumb Code    54  ffix.o(x$fpl$ffix)
    __aeabi_f2uiz                            0x0801a94d   Thumb Code     0  ffixu.o(x$fpl$ffixu)
    _ffixu                                   0x0801a94d   Thumb Code    62  ffixu.o(x$fpl$ffixu)
    __aeabi_i2f                              0x0801a98d   Thumb Code     0  fflt_clz.o(x$fpl$fflt)
    _fflt                                    0x0801a98d   Thumb Code    48  fflt_clz.o(x$fpl$fflt)
    __aeabi_ui2f                             0x0801a9bd   Thumb Code     0  fflt_clz.o(x$fpl$ffltu)
    _ffltu                                   0x0801a9bd   Thumb Code    38  fflt_clz.o(x$fpl$ffltu)
    __aeabi_fmul                             0x0801a9e5   Thumb Code     0  fmul.o(x$fpl$fmul)
    _fmul                                    0x0801a9e5   Thumb Code   258  fmul.o(x$fpl$fmul)
    __fpl_fnaninf                            0x0801aae7   Thumb Code   140  fnaninf.o(x$fpl$fnaninf)
    __fpl_fretinf                            0x0801ab73   Thumb Code    10  fretinf.o(x$fpl$fretinf)
    __aeabi_fsub                             0x0801ab7d   Thumb Code     0  faddsub_clz.o(x$fpl$fsub)
    _fsub                                    0x0801ab7d   Thumb Code   234  faddsub_clz.o(x$fpl$fsub)
    _printf_fp_dec                           0x0801ac67   Thumb Code     4  printf1.o(x$fpl$printf1)
    _printf_fp_hex                           0x0801ac6b   Thumb Code     4  printf2.o(x$fpl$printf2)
    __fpl_return_NaN                         0x0801ac6f   Thumb Code   100  retnan.o(x$fpl$retnan)
    __ARM_scalbn                             0x0801acd3   Thumb Code    92  scalbn.o(x$fpl$scalbn)
    __ARM_scalbnf                            0x0801ad2f   Thumb Code    76  scalbnf.o(x$fpl$scalbnf)
    _scanf_real                              0x0801ad7b   Thumb Code     4  scanf1.o(x$fpl$scanf1)
    _scanf_hex_real                          0x0801ad7f   Thumb Code     4  scanf2.o(x$fpl$scanf2)
    _scanf_infnan                            0x0801ad83   Thumb Code     4  scanf2.o(x$fpl$scanf2)
    __fpl_cmpreturn                          0x0801ad87   Thumb Code    48  trapv.o(x$fpl$trapveneer)
    __I$use$fp                               0x0801adb6   Number         0  usenofp.o(x$fpl$usenofp)
    asc2_1206                                0x0801adb6   Data        1140  lcd.o(.constdata)
    asc2_1608                                0x0801b22a   Data        1520  lcd.o(.constdata)
    asc2_2412                                0x0801b81a   Data        3420  lcd.o(.constdata)
    table_week                               0x0801c618   Data          12  rtc.o(.constdata)
    mon_table                                0x0801c624   Data          12  rtc.o(.constdata)
    TP_REMIND_MSG_TBL                        0x0801c630   Data           4  touch.o(.constdata)
    FT5206_TPX_TBL                           0x0801c634   Data          10  ft5206.o(.constdata)
    GT911_TPX_TBL                            0x0801c63e   Data          10  ft5206.o(.constdata)
    GT9147_CFG_TBL                           0x0801c648   Data         184  gt9147.o(.constdata)
    GT9147_TPX_TBL                           0x0801c700   Data          10  gt9147.o(.constdata)
    OTT_TPX_TBL                              0x0801c70a   Data          10  ott2001a.o(.constdata)
    OSCfg_StatTaskPrio                       0x0801c8a8   Data           1  os_cfg_app.o(.constdata)
    OSCfg_TickTaskPrio                       0x0801c8a9   Data           1  os_cfg_app.o(.constdata)
    OSCfg_TmrTaskPrio                        0x0801c8aa   Data           1  os_cfg_app.o(.constdata)
    OSCfg_IntQSize                           0x0801c8ac   Data           2  os_cfg_app.o(.constdata)
    OSCfg_MsgPoolSize                        0x0801c8ae   Data           2  os_cfg_app.o(.constdata)
    OSCfg_TickWheelSize                      0x0801c8b0   Data           2  os_cfg_app.o(.constdata)
    OSCfg_TmrWheelSize                       0x0801c8b2   Data           2  os_cfg_app.o(.constdata)
    OSCfg_IdleTaskStkBasePtr                 0x0801c8b4   Data           4  os_cfg_app.o(.constdata)
    OSCfg_IdleTaskStkLimit                   0x0801c8b8   Data           4  os_cfg_app.o(.constdata)
    OSCfg_IdleTaskStkSize                    0x0801c8bc   Data           4  os_cfg_app.o(.constdata)
    OSCfg_IdleTaskStkSizeRAM                 0x0801c8c0   Data           4  os_cfg_app.o(.constdata)
    OSCfg_IntQBasePtr                        0x0801c8c4   Data           4  os_cfg_app.o(.constdata)
    OSCfg_IntQSizeRAM                        0x0801c8c8   Data           4  os_cfg_app.o(.constdata)
    OSCfg_IntQTaskStkBasePtr                 0x0801c8cc   Data           4  os_cfg_app.o(.constdata)
    OSCfg_IntQTaskStkLimit                   0x0801c8d0   Data           4  os_cfg_app.o(.constdata)
    OSCfg_IntQTaskStkSize                    0x0801c8d4   Data           4  os_cfg_app.o(.constdata)
    OSCfg_IntQTaskStkSizeRAM                 0x0801c8d8   Data           4  os_cfg_app.o(.constdata)
    OSCfg_ISRStkBasePtr                      0x0801c8dc   Data           4  os_cfg_app.o(.constdata)
    OSCfg_ISRStkSize                         0x0801c8e0   Data           4  os_cfg_app.o(.constdata)
    OSCfg_ISRStkSizeRAM                      0x0801c8e4   Data           4  os_cfg_app.o(.constdata)
    OSCfg_MsgPoolSizeRAM                     0x0801c8e8   Data           4  os_cfg_app.o(.constdata)
    OSCfg_MsgPoolBasePtr                     0x0801c8ec   Data           4  os_cfg_app.o(.constdata)
    OSCfg_StatTaskRate_Hz                    0x0801c8f0   Data           4  os_cfg_app.o(.constdata)
    OSCfg_StatTaskStkBasePtr                 0x0801c8f4   Data           4  os_cfg_app.o(.constdata)
    OSCfg_StatTaskStkLimit                   0x0801c8f8   Data           4  os_cfg_app.o(.constdata)
    OSCfg_StatTaskStkSize                    0x0801c8fc   Data           4  os_cfg_app.o(.constdata)
    OSCfg_StatTaskStkSizeRAM                 0x0801c900   Data           4  os_cfg_app.o(.constdata)
    OSCfg_StkSizeMin                         0x0801c904   Data           4  os_cfg_app.o(.constdata)
    OSCfg_TickRate_Hz                        0x0801c908   Data           4  os_cfg_app.o(.constdata)
    OSCfg_TickTaskStkBasePtr                 0x0801c90c   Data           4  os_cfg_app.o(.constdata)
    OSCfg_TickTaskStkLimit                   0x0801c910   Data           4  os_cfg_app.o(.constdata)
    OSCfg_TickTaskStkSize                    0x0801c914   Data           4  os_cfg_app.o(.constdata)
    OSCfg_TickTaskStkSizeRAM                 0x0801c918   Data           4  os_cfg_app.o(.constdata)
    OSCfg_TickWheelSizeRAM                   0x0801c91c   Data           4  os_cfg_app.o(.constdata)
    OSCfg_TmrTaskRate_Hz                     0x0801c920   Data           4  os_cfg_app.o(.constdata)
    OSCfg_TmrTaskStkBasePtr                  0x0801c924   Data           4  os_cfg_app.o(.constdata)
    OSCfg_TmrTaskStkLimit                    0x0801c928   Data           4  os_cfg_app.o(.constdata)
    OSCfg_TmrTaskStkSize                     0x0801c92c   Data           4  os_cfg_app.o(.constdata)
    OSCfg_TmrTaskStkSizeRAM                  0x0801c930   Data           4  os_cfg_app.o(.constdata)
    OSCfg_TmrWheelSizeRAM                    0x0801c934   Data           4  os_cfg_app.o(.constdata)
    OSCfg_DataSizeRAM                        0x0801c938   Data           4  os_cfg_app.o(.constdata)
    memtblsize                               0x0801c93c   Data           8  malloc.o(.constdata)
    memblksize                               0x0801c944   Data           8  malloc.o(.constdata)
    memsize                                  0x0801c94c   Data           8  malloc.o(.constdata)
    Region$$Table$$Base                      0x0801d19c   Number         0  anon$$obj.o(Region$$Table)
    Region$$Table$$Limit                     0x0801d1bc   Number         0  anon$$obj.o(Region$$Table)
    __aeabi_HUGE_VAL                         0x0801d1bc   Data           0  fpconst.o(c$$dinf)
    __aeabi_HUGE_VALL                        0x0801d1bc   Data           0  fpconst.o(c$$dinf)
    __aeabi_INFINITY                         0x0801d1bc   Data           0  fpconst.o(c$$dinf)
    __dInf                                   0x0801d1bc   Data           0  fpconst.o(c$$dinf)
    __huge_val                               0x0801d1bc   Data           0  fpconst.o(c$$dinf)
    __ctype                                  0x0801d1ed   Data           0  lc_ctype_c.o(locale$$data)
    select                                   0x20000000   Data           1  main.o(.data)
    flag_scan                                0x20000001   Data           1  main.o(.data)
    flag_addcard                             0x20000002   Data           1  main.o(.data)
    flag_deletecard                          0x20000003   Data           1  main.o(.data)
    charge                                   0x20000004   Data           1  main.o(.data)
    who                                      0x20000005   Data           1  main.o(.data)
    cardnumber                               0x20000006   Data           1  main.o(.data)
    tempcard                                 0x20000007   Data           1  main.o(.data)
    rx_index                                 0x20000008   Data           2  main.o(.data)
    cardid                                   0x2000000a   Data           2  main.o(.data)
    fire_str                                 0x2000000c   Data           2  main.o(.data)
    people_str                               0x2000000e   Data           2  main.o(.data)
    tvoc                                     0x20000010   Data           4  main.o(.data)
    fire                                     0x20000014   Data           4  main.o(.data)
    people                                   0x20000018   Data           4  main.o(.data)
    co2                                      0x2000001c   Data           4  main.o(.data)
    alt                                      0x20000020   Data           4  main.o(.data)
    lux                                      0x20000024   Data           4  main.o(.data)
    temper                                   0x20000028   Data           4  main.o(.data)
    humi                                     0x2000002c   Data           4  main.o(.data)
    atmos                                    0x20000030   Data           4  main.o(.data)
    co2_str                                  0x20000034   Data           5  main.o(.data)
    tvoc_str                                 0x20000039   Data           5  main.o(.data)
    alt_str                                  0x2000003e   Data           5  main.o(.data)
    SystemCoreClock                          0x20000044   Data           4  system_stm32f10x.o(.data)
    AHBPrescTable                            0x20000048   Data          16  system_stm32f10x.o(.data)
    POINT_COLOR                              0x2000005a   Data           2  lcd.o(.data)
    BACK_COLOR                               0x2000005c   Data           2  lcd.o(.data)
    strValue                                 0x20000060   Data           8  esp8266.o(.data)
    str                                      0x20000068   Data          16  esp8266.o(.data)
    USART2_RX_STA                            0x20000078   Data           2  usart3.o(.data)
    USART3_RX_STA                            0x2000007a   Data           2  usart3.o(.data)
    UI0                                      0x20000080   Data           4  rc522.o(.data)
    UI1                                      0x20000084   Data           4  rc522.o(.data)
    UI2                                      0x20000088   Data           4  rc522.o(.data)
    UI3                                      0x2000008c   Data           4  rc522.o(.data)
    UID                                      0x20000090   Data           4  rc522.o(.data)
    Temp                                     0x20000094   Data           4  rc522.o(.data)
    CMD_RDX                                  0x20000098   Data           1  touch.o(.data)
    CMD_RDY                                  0x20000099   Data           1  touch.o(.data)
    tp_dev                                   0x2000009c   Data          52  touch.o(.data)
    g_gt_tnum                                0x200000d0   Data           1  ft5206.o(.data)
    CIP                                      0x200000d2   Data           5  ft5206.o(.data)
    USART_RX_STA                             0x200000de   Data           2  usart.o(.data)
    __stdout                                 0x200000e0   Data           4  usart.o(.data)
    sys_cmd_tab                              0x200000e4   Data          28  usmart.o(.data)
    usmart_nametab                           0x20000100   Data          40  usmart_config.o(.data)
    usmart_dev                               0x20000128   Data         244  usmart_config.o(.data)
    CPU_TS_TmrFreq_Hz                        0x20000230   Data           4  cpu_core.o(.data)
    Mem_PoolTbl                              0x20000234   Data           4  lib_mem.o(.data)
    OSPrioTbl                                0x20000238   Data           8  os_prio.o(.data)
    OS_AppTaskCreateHookPtr                  0x20000240   Data           4  os_var.o(.data)
    OS_AppTaskDelHookPtr                     0x20000244   Data           4  os_var.o(.data)
    OS_AppTaskReturnHookPtr                  0x20000248   Data           4  os_var.o(.data)
    OS_AppIdleTaskHookPtr                    0x2000024c   Data           4  os_var.o(.data)
    OS_AppStatTaskHookPtr                    0x20000250   Data           4  os_var.o(.data)
    OS_AppTaskSwHookPtr                      0x20000254   Data           4  os_var.o(.data)
    OS_AppTimeTickHookPtr                    0x20000258   Data           4  os_var.o(.data)
    OSIdleTaskCtr                            0x2000025c   Data           4  os_var.o(.data)
    OSIntNestingCtr                          0x20000260   Data           1  os_var.o(.data)
    OSRunning                                0x20000261   Data           1  os_var.o(.data)
    OSIntQInPtr                              0x20000264   Data           4  os_var.o(.data)
    OSIntQOutPtr                             0x20000268   Data           4  os_var.o(.data)
    OSIntQNbrEntries                         0x2000026c   Data           2  os_var.o(.data)
    OSIntQNbrEntriesMax                      0x2000026e   Data           2  os_var.o(.data)
    OSIntQOvfCtr                             0x20000270   Data           2  os_var.o(.data)
    OSIntQTaskTimeMax                        0x20000274   Data           4  os_var.o(.data)
    OSFlagDbgListPtr                         0x20000278   Data           4  os_var.o(.data)
    OSFlagQty                                0x2000027c   Data           2  os_var.o(.data)
    OSMemDbgListPtr                          0x20000280   Data           4  os_var.o(.data)
    OSMemQty                                 0x20000284   Data           2  os_var.o(.data)
    OSMutexDbgListPtr                        0x20000288   Data           4  os_var.o(.data)
    OSMutexQty                               0x2000028c   Data           2  os_var.o(.data)
    OSPrioCur                                0x2000028e   Data           1  os_var.o(.data)
    OSPrioHighRdy                            0x2000028f   Data           1  os_var.o(.data)
    OSPrioSaved                              0x20000290   Data           1  os_var.o(.data)
    OSQDbgListPtr                            0x20000294   Data           4  os_var.o(.data)
    OSQQty                                   0x20000298   Data           2  os_var.o(.data)
    OSSchedLockTimeBegin                     0x2000029c   Data           4  os_var.o(.data)
    OSSchedLockTimeMax                       0x200002a0   Data           4  os_var.o(.data)
    OSSchedLockTimeMaxCur                    0x200002a4   Data           4  os_var.o(.data)
    OSSchedLockNestingCtr                    0x200002a8   Data           1  os_var.o(.data)
    OSSchedRoundRobinDfltTimeQuanta          0x200002ac   Data           4  os_var.o(.data)
    OSSchedRoundRobinEn                      0x200002b0   Data           1  os_var.o(.data)
    OSSemDbgListPtr                          0x200002b4   Data           4  os_var.o(.data)
    OSSemQty                                 0x200002b8   Data           2  os_var.o(.data)
    OSStatResetFlag                          0x200002ba   Data           1  os_var.o(.data)
    OSStatTaskCPUUsage                       0x200002bc   Data           2  os_var.o(.data)
    OSStatTaskCPUUsageMax                    0x200002be   Data           2  os_var.o(.data)
    OSStatTaskCtr                            0x200002c0   Data           4  os_var.o(.data)
    OSStatTaskCtrMax                         0x200002c4   Data           4  os_var.o(.data)
    OSStatTaskCtrRun                         0x200002c8   Data           4  os_var.o(.data)
    OSStatTaskRdy                            0x200002cc   Data           1  os_var.o(.data)
    OSStatTaskTimeMax                        0x200002d0   Data           4  os_var.o(.data)
    OSTaskCtxSwCtr                           0x200002d4   Data           4  os_var.o(.data)
    OSTaskDbgListPtr                         0x200002d8   Data           4  os_var.o(.data)
    OSTaskQty                                0x200002dc   Data           2  os_var.o(.data)
    OSTaskRegNextAvailID                     0x200002de   Data           1  os_var.o(.data)
    OSTickCtr                                0x200002e0   Data           4  os_var.o(.data)
    OSTickTaskTimeMax                        0x200002e4   Data           4  os_var.o(.data)
    OSTmrDbgListPtr                          0x200002e8   Data           4  os_var.o(.data)
    OSTmrQty                                 0x200002ec   Data           2  os_var.o(.data)
    OSTmrTaskTimeMax                         0x200002f0   Data           4  os_var.o(.data)
    OSTmrTickCtr                             0x200002f4   Data           4  os_var.o(.data)
    OSTmrUpdateCnt                           0x200002f8   Data           4  os_var.o(.data)
    OSTmrUpdateCtr                           0x200002fc   Data           4  os_var.o(.data)
    OSTCBCurPtr                              0x20000300   Data           4  os_var.o(.data)
    OSTCBHighRdyPtr                          0x20000304   Data           4  os_var.o(.data)
    OS_CPU_ExceptStkBase                     0x20000308   Data           4  os_cpu_c.o(.data)
    W25QXX_TYPE                              0x2000030c   Data           2  w25qxx.o(.data)
    mallco_dev                               0x20000310   Data          28  malloc.o(.data)
    Scan_Wtime                               0x2000032c   Data           1  sim800c.o(.data)
    BT_Scan_mode                             0x2000032d   Data           1  sim800c.o(.data)
    sim800c_test_msg                         0x20000330   Data           4  sim800c.o(.data)
    sim800c_test_msg_people                  0x20000334   Data           4  sim800c.o(.data)
    sim800c_test_msg_fire                    0x20000338   Data           4  sim800c.o(.data)
    sim800c_test_msg_gas                     0x2000033c   Data           4  sim800c.o(.data)
    kbd_tbl                                  0x20000340   Data           4  sim800c.o(.data)
    kbd_fn_tbl                               0x20000344   Data           8  sim800c.o(.data)
    kbd_tbl1                                 0x2000034c   Data          52  sim800c.o(.data)
    TransferError                            0x20000383   Data           1  sdio_sdcard.o(.data)
    TransferEnd                              0x20000384   Data           1  sdio_sdcard.o(.data)
    tempbuff                                 0x2000038c   Data           4  sdio_sdcard.o(.data)
    lux_str                                  0x20000390   Data          10  main.o(.bss)
    temper_str                               0x2000039a   Data          10  main.o(.bss)
    humi_str                                 0x200003a4   Data          10  main.o(.bss)
    atmos_str                                0x200003ae   Data          12  main.o(.bss)
    StartTaskTCB                             0x200003bc   Data         196  main.o(.bss)
    START_TASK_STK                           0x20000480   Data         512  main.o(.bss)
    nfc_TaskTCB                              0x20000680   Data         196  main.o(.bss)
    nfc_TASK_STK                             0x20000744   Data         512  main.o(.bss)
    net_TaskTCB                              0x20000944   Data         196  main.o(.bss)
    net_TASK_STK                             0x20000a08   Data        4096  main.o(.bss)
    rtc_TaskTCB                              0x20001a08   Data         196  main.o(.bss)
    rtc_TASK_STK                             0x20001acc   Data         512  main.o(.bss)
    tmr1                                     0x20001ccc   Data          52  main.o(.bss)
    rx_buffer                                0x20001d00   Data        1024  main.o(.bss)
    lcddev                                   0x20002100   Data          14  lcd.o(.bss)
    USART3_RX_BUF                            0x2000210e   Data         600  usart3.o(.bss)
    USART3_TX_BUF                            0x20002366   Data         600  usart3.o(.bss)
    USART2_RX_BUF                            0x200025be   Data        1024  usart3.o(.bss)
    USART2_TX_BUF                            0x200029be   Data        1024  usart3.o(.bss)
    calendar                                 0x20002dbe   Data          10  rtc.o(.bss)
    USART_RX_BUF                             0x20002dc8   Data         200  usart.o(.bss)
    CPU_Name                                 0x20002e90   Data          16  cpu_core.o(.bss)
    Mem_PoolHeap                             0x20002ea0   Data          72  lib_mem.o(.bss)
    Mem_Heap                                 0x20002ee8   Data        1024  lib_mem.o(.bss)
    OSCfg_IdleTaskStk                        0x200032e8   Data         512  os_cfg_app.o(.bss)
    OSCfg_IntQ                               0x200034e8   Data         320  os_cfg_app.o(.bss)
    OSCfg_IntQTaskStk                        0x20003628   Data         512  os_cfg_app.o(.bss)
    OSCfg_ISRStk                             0x20003828   Data         512  os_cfg_app.o(.bss)
    OSCfg_MsgPool                            0x20003a28   Data        1600  os_cfg_app.o(.bss)
    OSCfg_StatTaskStk                        0x20004068   Data         512  os_cfg_app.o(.bss)
    OSCfg_TickTaskStk                        0x20004268   Data         512  os_cfg_app.o(.bss)
    OSCfg_TickWheel                          0x20004468   Data         136  os_cfg_app.o(.bss)
    OSCfg_TmrTaskStk                         0x200044f0   Data         512  os_cfg_app.o(.bss)
    OSCfg_TmrWheel                           0x200046f0   Data         136  os_cfg_app.o(.bss)
    OSIdleTaskTCB                            0x20004778   Data         196  os_var.o(.bss)
    OSIntQTaskTCB                            0x2000483c   Data         196  os_var.o(.bss)
    OSMsgPool                                0x20004900   Data          12  os_var.o(.bss)
    OSRdyList                                0x2000490c   Data         768  os_var.o(.bss)
    OSStatTaskTCB                            0x20004c0c   Data         196  os_var.o(.bss)
    OSTickTaskTCB                            0x20004cd0   Data         196  os_var.o(.bss)
    OSTmrTaskTCB                             0x20004d94   Data         196  os_var.o(.bss)
    W25QXX_BUFFER                            0x20004e58   Data        4096  w25qxx.o(.bss)
    mem1base                                 0x20005e60   Data       30720  malloc.o(.bss)
    mem1mapbase                              0x2000d660   Data        1920  malloc.o(.bss)
    ftinfo                                   0x2000dde0   Data          33  fontupd.o(.bss)
    SDIO_InitStructure                       0x2000de08   Data          24  sdio_sdcard.o(.bss)
    SDIO_CmdInitStructure                    0x2000de20   Data          20  sdio_sdcard.o(.bss)
    SDIO_DataInitStructure                   0x2000de34   Data          24  sdio_sdcard.o(.bss)
    SDCardInfo                               0x2000de70   Data          88  sdio_sdcard.o(.bss)
    SDIO_DATA_BUFFER                         0x2000dec8   Data         512  sdio_sdcard.o(.bss)
    __libspace_start                         0x2000e0c8   Data          96  libspace.o(.bss)
    __temporary_stack_top$libspace           0x2000e128   Data           0  libspace.o(.bss)
    mem2base                                 0x68000000   Data       983040  malloc.o(.ARM.__AT_0x68000000)
    mem2mapbase                              0x680f0000   Data       61440  malloc.o(.ARM.__AT_0x680F0000)



==============================================================================

Memory Map of the image

  Image Entry point : 0x08000131

  Load Region LR_IROM1 (Base: 0x08000000, Size: 0x0001d680, Max: 0x00080000, ABSOLUTE, COMPRESSED[0x0001d3e4])

    Execution Region ER_IROM1 (Exec base: 0x08000000, Load base: 0x08000000, Size: 0x0001d2f0, Max: 0x00080000, ABSOLUTE)

    Exec Addr    Load Addr    Size         Type   Attr      Idx    E Section Name        Object

    0x08000000   0x08000000   0x00000130   Data   RO          808    RESET               startup_stm32f10x_hd.o
    0x08000130   0x08000130   0x00000008   Code   RO         1914  * !!!main             c_w.l(__main.o)
    0x08000138   0x08000138   0x00000034   Code   RO         2373    !!!scatter          c_w.l(__scatter.o)
    0x0800016c   0x0800016c   0x0000005a   Code   RO         2371    !!dczerorl2         c_w.l(__dczerorl2.o)
    0x080001c6   0x080001c6   0x00000002   PAD
    0x080001c8   0x080001c8   0x0000001c   Code   RO         2375    !!handler_zi        c_w.l(__scatter_zi.o)
    0x080001e4   0x080001e4   0x00000000   Code   RO         1885    .ARM.Collect$$_printf_percent$$00000000  c_w.l(_printf_percent.o)
    0x080001e4   0x080001e4   0x00000006   Code   RO         2031    .ARM.Collect$$_printf_percent$$00000001  c_w.l(_printf_n.o)
    0x080001ea   0x080001ea   0x00000006   Code   RO         2032    .ARM.Collect$$_printf_percent$$00000002  c_w.l(_printf_p.o)
    0x080001f0   0x080001f0   0x00000006   Code   RO         1884    .ARM.Collect$$_printf_percent$$00000003  c_w.l(_printf_f.o)
    0x080001f6   0x080001f6   0x00000006   Code   RO         2035    .ARM.Collect$$_printf_percent$$00000004  c_w.l(_printf_e.o)
    0x080001fc   0x080001fc   0x00000006   Code   RO         2036    .ARM.Collect$$_printf_percent$$00000005  c_w.l(_printf_g.o)
    0x08000202   0x08000202   0x00000006   Code   RO         2037    .ARM.Collect$$_printf_percent$$00000006  c_w.l(_printf_a.o)
    0x08000208   0x08000208   0x0000000a   Code   RO         2042    .ARM.Collect$$_printf_percent$$00000007  c_w.l(_printf_ll.o)
    0x08000212   0x08000212   0x00000006   Code   RO         2034    .ARM.Collect$$_printf_percent$$00000008  c_w.l(_printf_i.o)
    0x08000218   0x08000218   0x00000006   Code   RO         1882    .ARM.Collect$$_printf_percent$$00000009  c_w.l(_printf_d.o)
    0x0800021e   0x0800021e   0x00000006   Code   RO         1883    .ARM.Collect$$_printf_percent$$0000000A  c_w.l(_printf_u.o)
    0x08000224   0x08000224   0x00000006   Code   RO         2033    .ARM.Collect$$_printf_percent$$0000000B  c_w.l(_printf_o.o)
    0x0800022a   0x0800022a   0x00000006   Code   RO         1881    .ARM.Collect$$_printf_percent$$0000000C  c_w.l(_printf_x.o)
    0x08000230   0x08000230   0x00000006   Code   RO         2039    .ARM.Collect$$_printf_percent$$0000000D  c_w.l(_printf_lli.o)
    0x08000236   0x08000236   0x00000006   Code   RO         2040    .ARM.Collect$$_printf_percent$$0000000E  c_w.l(_printf_lld.o)
    0x0800023c   0x0800023c   0x00000006   Code   RO         2041    .ARM.Collect$$_printf_percent$$0000000F  c_w.l(_printf_llu.o)
    0x08000242   0x08000242   0x00000006   Code   RO         2046    .ARM.Collect$$_printf_percent$$00000010  c_w.l(_printf_llo.o)
    0x08000248   0x08000248   0x00000006   Code   RO         2047    .ARM.Collect$$_printf_percent$$00000011  c_w.l(_printf_llx.o)
    0x0800024e   0x0800024e   0x0000000a   Code   RO         2043    .ARM.Collect$$_printf_percent$$00000012  c_w.l(_printf_l.o)
    0x08000258   0x08000258   0x00000006   Code   RO         1879    .ARM.Collect$$_printf_percent$$00000013  c_w.l(_printf_c.o)
    0x0800025e   0x0800025e   0x00000006   Code   RO         1880    .ARM.Collect$$_printf_percent$$00000014  c_w.l(_printf_s.o)
    0x08000264   0x08000264   0x00000006   Code   RO         2044    .ARM.Collect$$_printf_percent$$00000015  c_w.l(_printf_lc.o)
    0x0800026a   0x0800026a   0x00000006   Code   RO         2045    .ARM.Collect$$_printf_percent$$00000016  c_w.l(_printf_ls.o)
    0x08000270   0x08000270   0x00000004   Code   RO         2038    .ARM.Collect$$_printf_percent$$00000017  c_w.l(_printf_percent_end.o)
    0x08000274   0x08000274   0x00000002   Code   RO         2185    .ARM.Collect$$libinit$$00000000  c_w.l(libinit.o)
    0x08000276   0x08000276   0x00000000   Code   RO         2187    .ARM.Collect$$libinit$$00000002  c_w.l(libinit2.o)
    0x08000276   0x08000276   0x00000000   Code   RO         2189    .ARM.Collect$$libinit$$00000004  c_w.l(libinit2.o)
    0x08000276   0x08000276   0x00000000   Code   RO         2192    .ARM.Collect$$libinit$$0000000A  c_w.l(libinit2.o)
    0x08000276   0x08000276   0x00000000   Code   RO         2194    .ARM.Collect$$libinit$$0000000C  c_w.l(libinit2.o)
    0x08000276   0x08000276   0x00000000   Code   RO         2196    .ARM.Collect$$libinit$$0000000E  c_w.l(libinit2.o)
    0x08000276   0x08000276   0x00000006   Code   RO         2197    .ARM.Collect$$libinit$$0000000F  c_w.l(libinit2.o)
    0x0800027c   0x0800027c   0x00000000   Code   RO         2199    .ARM.Collect$$libinit$$00000011  c_w.l(libinit2.o)
    0x0800027c   0x0800027c   0x0000000c   Code   RO         2200    .ARM.Collect$$libinit$$00000012  c_w.l(libinit2.o)
    0x08000288   0x08000288   0x00000000   Code   RO         2201    .ARM.Collect$$libinit$$00000013  c_w.l(libinit2.o)
    0x08000288   0x08000288   0x00000000   Code   RO         2203    .ARM.Collect$$libinit$$00000015  c_w.l(libinit2.o)
    0x08000288   0x08000288   0x0000000a   Code   RO         2204    .ARM.Collect$$libinit$$00000016  c_w.l(libinit2.o)
    0x08000292   0x08000292   0x00000000   Code   RO         2205    .ARM.Collect$$libinit$$00000017  c_w.l(libinit2.o)
    0x08000292   0x08000292   0x00000000   Code   RO         2207    .ARM.Collect$$libinit$$00000019  c_w.l(libinit2.o)
    0x08000292   0x08000292   0x00000000   Code   RO         2209    .ARM.Collect$$libinit$$0000001B  c_w.l(libinit2.o)
    0x08000292   0x08000292   0x00000000   Code   RO         2211    .ARM.Collect$$libinit$$0000001D  c_w.l(libinit2.o)
    0x08000292   0x08000292   0x00000000   Code   RO         2213    .ARM.Collect$$libinit$$0000001F  c_w.l(libinit2.o)
    0x08000292   0x08000292   0x00000000   Code   RO         2215    .ARM.Collect$$libinit$$00000021  c_w.l(libinit2.o)
    0x08000292   0x08000292   0x00000000   Code   RO         2217    .ARM.Collect$$libinit$$00000023  c_w.l(libinit2.o)
    0x08000292   0x08000292   0x00000000   Code   RO         2219    .ARM.Collect$$libinit$$00000025  c_w.l(libinit2.o)
    0x08000292   0x08000292   0x00000000   Code   RO         2223    .ARM.Collect$$libinit$$0000002C  c_w.l(libinit2.o)
    0x08000292   0x08000292   0x00000000   Code   RO         2225    .ARM.Collect$$libinit$$0000002E  c_w.l(libinit2.o)
    0x08000292   0x08000292   0x00000000   Code   RO         2227    .ARM.Collect$$libinit$$00000030  c_w.l(libinit2.o)
    0x08000292   0x08000292   0x00000000   Code   RO         2229    .ARM.Collect$$libinit$$00000032  c_w.l(libinit2.o)
    0x08000292   0x08000292   0x00000002   Code   RO         2230    .ARM.Collect$$libinit$$00000033  c_w.l(libinit2.o)
    0x08000294   0x08000294   0x00000002   Code   RO         2301    .ARM.Collect$$libshutdown$$00000000  c_w.l(libshutdown.o)
    0x08000296   0x08000296   0x00000000   Code   RO         2335    .ARM.Collect$$libshutdown$$00000003  c_w.l(libshutdown2.o)
    0x08000296   0x08000296   0x00000000   Code   RO         2338    .ARM.Collect$$libshutdown$$00000006  c_w.l(libshutdown2.o)
    0x08000296   0x08000296   0x00000000   Code   RO         2341    .ARM.Collect$$libshutdown$$00000009  c_w.l(libshutdown2.o)
    0x08000296   0x08000296   0x00000000   Code   RO         2343    .ARM.Collect$$libshutdown$$0000000B  c_w.l(libshutdown2.o)
    0x08000296   0x08000296   0x00000000   Code   RO         2346    .ARM.Collect$$libshutdown$$0000000E  c_w.l(libshutdown2.o)
    0x08000296   0x08000296   0x00000002   Code   RO         2347    .ARM.Collect$$libshutdown$$0000000F  c_w.l(libshutdown2.o)
    0x08000298   0x08000298   0x00000000   Code   RO         1992    .ARM.Collect$$rtentry$$00000000  c_w.l(__rtentry.o)
    0x08000298   0x08000298   0x00000000   Code   RO         2083    .ARM.Collect$$rtentry$$00000002  c_w.l(__rtentry2.o)
    0x08000298   0x08000298   0x00000006   Code   RO         2095    .ARM.Collect$$rtentry$$00000004  c_w.l(__rtentry4.o)
    0x0800029e   0x0800029e   0x00000000   Code   RO         2085    .ARM.Collect$$rtentry$$00000009  c_w.l(__rtentry2.o)
    0x0800029e   0x0800029e   0x00000004   Code   RO         2086    .ARM.Collect$$rtentry$$0000000A  c_w.l(__rtentry2.o)
    0x080002a2   0x080002a2   0x00000000   Code   RO         2088    .ARM.Collect$$rtentry$$0000000C  c_w.l(__rtentry2.o)
    0x080002a2   0x080002a2   0x00000008   Code   RO         2089    .ARM.Collect$$rtentry$$0000000D  c_w.l(__rtentry2.o)
    0x080002aa   0x080002aa   0x00000002   Code   RO         2233    .ARM.Collect$$rtexit$$00000000  c_w.l(rtexit.o)
    0x080002ac   0x080002ac   0x00000000   Code   RO         2261    .ARM.Collect$$rtexit$$00000002  c_w.l(rtexit2.o)
    0x080002ac   0x080002ac   0x00000004   Code   RO         2262    .ARM.Collect$$rtexit$$00000003  c_w.l(rtexit2.o)
    0x080002b0   0x080002b0   0x00000006   Code   RO         2263    .ARM.Collect$$rtexit$$00000004  c_w.l(rtexit2.o)
    0x080002b6   0x080002b6   0x00000002   PAD
    0x080002b8   0x080002b8   0x00000cfc   Code   RO            1    .text               main.o
    0x08000fb4   0x08000fb4   0x0000000e   Code   RO          284    .text               stm32f10x_it.o
    0x08000fc2   0x08000fc2   0x00000002   PAD
    0x08000fc4   0x08000fc4   0x00000174   Code   RO          316    .text               system_stm32f10x.o
    0x08001138   0x08001138   0x000000e0   Code   RO          346    .text               key.o
    0x08001218   0x08001218   0x00004522   Code   RO          363    .text               lcd.o
    0x0800573a   0x0800573a   0x00000002   PAD
    0x0800573c   0x0800573c   0x000004b0   Code   RO          393    .text               esp8266.o
    0x08005bec   0x08005bec   0x00000320   Code   RO          416    .text               usart3.o
    0x08005f0c   0x08005f0c   0x0000017c   Code   RO          442    .text               timer.o
    0x08006088   0x08006088   0x0000002c   Code   RO          456    .text               pio.o
    0x080060b4   0x080060b4   0x000001c4   Code   RO          486    .text               exti.o
    0x08006278   0x08006278   0x000000c8   Code   RO          501    .text               beep.o
    0x08006340   0x08006340   0x0000042c   Code   RO          513    .text               rtc.o
    0x0800676c   0x0800676c   0x000008cc   Code   RO          533    .text               rc522.o
    0x08007038   0x08007038   0x00000098   Code   RO          551    .text               pwm.o
    0x080070d0   0x080070d0   0x00000034   Code   RO          563    .text               servo.o
    0x08007104   0x08007104   0x00000c2c   Code   RO          575    .text               touch.o
    0x08007d30   0x08007d30   0x0000046c   Code   RO          608    .text               ft5206.o
    0x0800819c   0x0800819c   0x000003b8   Code   RO          631    .text               gt9147.o
    0x08008554   0x08008554   0x000002ec   Code   RO          647    .text               ott2001a.o
    0x08008840   0x08008840   0x0000023c   Code   RO          663    .text               ctiic.o
    0x08008a7c   0x08008a7c   0x00000210   Code   RO          675    .text               myiic.o
    0x08008c8c   0x08008c8c   0x0000011c   Code   RO          687    .text               delay.o
    0x08008da8   0x08008da8   0x0000000c   Code   RO          702    .text               sys.o
    0x08008db4   0x08008db4   0x00000298   Code   RO          718    .text               usart.o
    0x0800904c   0x0800904c   0x00000b34   Code   RO          742    .text               usmart.o
    0x08009b80   0x08009b80   0x00000444   Code   RO          758    .text               usmart_str.o
    0x08009fc4   0x08009fc4   0x00000072   Code   RO          770    .text               flash.o
    0x0800a036   0x0800a036   0x00000002   PAD
    0x0800a038   0x0800a038   0x00000040   Code   RO          809    .text               startup_stm32f10x_hd.o
    0x0800a078   0x0800a078   0x000000b8   Code   RO          813    .text               misc.o
    0x0800a130   0x0800a130   0x00000298   Code   RO          825    .text               stm32f10x_gpio.o
    0x0800a3c8   0x0800a3c8   0x0000039c   Code   RO          837    .text               stm32f10x_usart.o
    0x0800a764   0x0800a764   0x000002f4   Code   RO          849    .text               stm32f10x_rcc.o
    0x0800aa58   0x0800aa58   0x000004b6   Code   RO          863    .text               stm32f10x_fsmc.o
    0x0800af0e   0x0800af0e   0x00000002   PAD
    0x0800af10   0x0800af10   0x00000c2a   Code   RO          875    .text               stm32f10x_tim.o
    0x0800bb3a   0x0800bb3a   0x00000002   PAD
    0x0800bb3c   0x0800bb3c   0x000001e8   Code   RO          914    .text               stm32f10x_dma.o
    0x0800bd24   0x0800bd24   0x000000ec   Code   RO          926    .text               stm32f10x_exti.o
    0x0800be10   0x0800be10   0x00000114   Code   RO          938    .text               stm32f10x_rtc.o
    0x0800bf24   0x0800bf24   0x0000009c   Code   RO          950    .text               stm32f10x_bkp.o
    0x0800bfc0   0x0800bfc0   0x000004a4   Code   RO         1037    .text               stm32f10x_flash.o
    0x0800c464   0x0800c464   0x000000ac   Code   RO         1064    .text               stm32f10x_pwr.o
    0x0800c510   0x0800c510   0x000001b0   Code   RO         1076    .text               stm32f10x_sdio.o
    0x0800c6c0   0x0800c6c0   0x000002b4   Code   RO         1088    .text               stm32f10x_spi.o
    0x0800c974   0x0800c974   0x00000068   Code   RO         1100    .text               bsp.o
    0x0800c9dc   0x0800c9dc   0x000001e0   Code   RO         1115    .text               cpu_core.o
    0x0800cbbc   0x0800cbbc   0x00000034   Code   RO         1154    .text               cpu_a.o
    0x0800cbf0   0x0800cbf0   0x0000015a   Code   RO         1157    .text               lib_ascii.o
    0x0800cd4a   0x0800cd4a   0x00000002   PAD
    0x0800cd4c   0x0800cd4c   0x00000710   Code   RO         1190    .text               lib_mem.o
    0x0800d45c   0x0800d45c   0x000006a8   Code   RO         1209    .text               lib_str.o
    0x0800db04   0x0800db04   0x00000220   Code   RO         1226    .text               lib_mem_a.o
    0x0800dd24   0x0800dd24   0x00000002   Code   RO         1229    .text               os_cfg_app.o
    0x0800dd26   0x0800dd26   0x00000002   PAD
    0x0800dd28   0x0800dd28   0x00000ba0   Code   RO         1261    .text               os_core.o
    0x0800e8c8   0x0800e8c8   0x00000002   Code   RO         1273    .text               os_dbg.o
    0x0800e8ca   0x0800e8ca   0x00000002   PAD
    0x0800e8cc   0x0800e8cc   0x00000984   Code   RO         1289    .text               os_flag.o
    0x0800f250   0x0800f250   0x0000032c   Code   RO         1301    .text               os_int.o
    0x0800f57c   0x0800f57c   0x00000194   Code   RO         1313    .text               os_mem.o
    0x0800f710   0x0800f710   0x00000194   Code   RO         1325    .text               os_msg.o
    0x0800f8a4   0x0800f8a4   0x0000076c   Code   RO         1337    .text               os_mutex.o
    0x08010010   0x08010010   0x00000070   Code   RO         1355    .text               os_prio.o
    0x08010080   0x08010080   0x00000684   Code   RO         1374    .text               os_q.o
    0x08010704   0x08010704   0x000005c0   Code   RO         1386    .text               os_sem.o
    0x08010cc4   0x08010cc4   0x0000043c   Code   RO         1398    .text               os_stat.o
    0x08011100   0x08011100   0x000010d0   Code   RO         1410    .text               os_task.o
    0x080121d0   0x080121d0   0x00000390   Code   RO         1422    .text               os_tick.o
    0x08012560   0x08012560   0x0000036c   Code   RO         1434    .text               os_time.o
    0x080128cc   0x080128cc   0x00000730   Code   RO         1446    .text               os_tmr.o
    0x08012ffc   0x08012ffc   0x0000018c   Code   RO         1537    .text               os_cpu_c.o
    0x08013188   0x08013188   0x000000fc   Code   RO         1570    .text               spi.o
    0x08013284   0x08013284   0x00000318   Code   RO         1585    .text               w25qxx.o
    0x0801359c   0x0801359c   0x00000142   Code   RO         1604    .text               24cxx_1.o
    0x080136de   0x080136de   0x00000002   PAD
    0x080136e0   0x080136e0   0x000001dc   Code   RO         1619    .text               malloc.o
    0x080138bc   0x080138bc   0x00001908   Code   RO         1642    .text               sim800c.o
    0x080151c4   0x080151c4   0x0000024c   Code   RO         1664    .text               text.o
    0x08015410   0x08015410   0x000000a0   Code   RO         1747    .text               mycc936.o
    0x080154b0   0x080154b0   0x000017e8   Code   RO         1793    .text               sdio_sdcard.o
    0x08016c98   0x08016c98   0x00000002   Code   RO         1814    .text               c_w.l(use_no_semi_2.o)
    0x08016c9a   0x08016c9a   0x000000ee   Code   RO         1816    .text               c_w.l(lludivv7m.o)
    0x08016d88   0x08016d88   0x00000024   Code   RO         1820    .text               c_w.l(vsprintf.o)
    0x08016dac   0x08016dac   0x00000018   Code   RO         1822    .text               c_w.l(__2printf.o)
    0x08016dc4   0x08016dc4   0x0000002c   Code   RO         1824    .text               c_w.l(__2sprintf.o)
    0x08016df0   0x08016df0   0x0000004e   Code   RO         1832    .text               c_w.l(_printf_pad.o)
    0x08016e3e   0x08016e3e   0x00000052   Code   RO         1834    .text               c_w.l(_printf_str.o)
    0x08016e90   0x08016e90   0x00000078   Code   RO         1836    .text               c_w.l(_printf_dec.o)
    0x08016f08   0x08016f08   0x00000094   Code   RO         1856    .text               c_w.l(_printf_hex_int_ll_ptr.o)
    0x08016f9c   0x08016f9c   0x00000188   Code   RO         1876    .text               c_w.l(__printf_flags_ss_wp.o)
    0x08017124   0x08017124   0x0000003c   Code   RO         1886    .text               c_w.l(__0sscanf.o)
    0x08017160   0x08017160   0x000000e0   Code   RO         1888    .text               c_w.l(_scanf_str.o)
    0x08017240   0x08017240   0x0000001a   Code   RO         1890    .text               c_w.l(atoi.o)
    0x0801725a   0x0801725a   0x00000014   Code   RO         1892    .text               c_w.l(strchr.o)
    0x0801726e   0x0801726e   0x00000024   Code   RO         1894    .text               c_w.l(strstr.o)
    0x08017292   0x08017292   0x00000048   Code   RO         1896    .text               c_w.l(strcpy.o)
    0x080172da   0x080172da   0x0000003e   Code   RO         1898    .text               c_w.l(strlen.o)
    0x08017318   0x08017318   0x00000018   Code   RO         1900    .text               c_w.l(strcat.o)
    0x08017330   0x08017330   0x0000008a   Code   RO         1902    .text               c_w.l(rt_memcpy_v6.o)
    0x080173ba   0x080173ba   0x00000064   Code   RO         1904    .text               c_w.l(rt_memcpy_w.o)
    0x0801741e   0x0801741e   0x00000044   Code   RO         1906    .text               c_w.l(rt_memclr.o)
    0x08017462   0x08017462   0x0000004e   Code   RO         1908    .text               c_w.l(rt_memclr_w.o)
    0x080174b0   0x080174b0   0x00000080   Code   RO         1910    .text               c_w.l(strcmpv7m.o)
    0x08017530   0x08017530   0x00000006   Code   RO         1912    .text               c_w.l(heapauxi.o)
    0x08017536   0x08017536   0x00000002   Code   RO         1990    .text               c_w.l(use_no_semi.o)
    0x08017538   0x08017538   0x00000008   Code   RO         2000    .text               c_w.l(rt_errno_addr_intlibspace.o)
    0x08017540   0x08017540   0x00000016   Code   RO         2002    .text               c_w.l(_rserrno.o)
    0x08017556   0x08017556   0x00000024   Code   RO         2004    .text               c_w.l(_printf_truncate.o)
    0x0801757a   0x0801757a   0x000000b2   Code   RO         2006    .text               c_w.l(_printf_intcommon.o)
    0x0801762c   0x0801762c   0x00000028   Code   RO         2008    .text               c_w.l(_printf_charcount.o)
    0x08017654   0x08017654   0x0000041a   Code   RO         2010    .text               c_w.l(_printf_fp_dec.o)
    0x08017a6e   0x08017a6e   0x00000002   PAD
    0x08017a70   0x08017a70   0x00000030   Code   RO         2012    .text               c_w.l(_printf_char_common.o)
    0x08017aa0   0x08017aa0   0x0000000a   Code   RO         2014    .text               c_w.l(_sputc.o)
    0x08017aaa   0x08017aaa   0x0000002c   Code   RO         2016    .text               c_w.l(_printf_char.o)
    0x08017ad6   0x08017ad6   0x00000002   PAD
    0x08017ad8   0x08017ad8   0x00000024   Code   RO         2018    .text               c_w.l(_printf_char_file.o)
    0x08017afc   0x08017afc   0x000000bc   Code   RO         2020    .text               c_w.l(_printf_wctomb.o)
    0x08017bb8   0x08017bb8   0x0000007c   Code   RO         2023    .text               c_w.l(_printf_longlong_dec.o)
    0x08017c34   0x08017c34   0x00000070   Code   RO         2029    .text               c_w.l(_printf_oct_int_ll.o)
    0x08017ca4   0x08017ca4   0x0000002c   Code   RO         2048    .text               c_w.l(scanf_char.o)
    0x08017cd0   0x08017cd0   0x00000040   Code   RO         2050    .text               c_w.l(_sgetc.o)
    0x08017d10   0x08017d10   0x000000a0   Code   RO         2052    .text               c_w.l(strtod.o)
    0x08017db0   0x08017db0   0x00000070   Code   RO         2054    .text               c_w.l(strtol.o)
    0x08017e20   0x08017e20   0x00000008   Code   RO         2079    .text               c_w.l(libspace.o)
    0x08017e28   0x08017e28   0x00000010   Code   RO         2097    .text               c_w.l(rt_ctype_table.o)
    0x08017e38   0x08017e38   0x00000008   Code   RO         2104    .text               c_w.l(rt_locale_intlibspace.o)
    0x08017e40   0x08017e40   0x0000008a   Code   RO         2106    .text               c_w.l(lludiv10.o)
    0x08017eca   0x08017eca   0x00000012   Code   RO         2108    .text               c_w.l(isspace.o)
    0x08017edc   0x08017edc   0x000002fc   Code   RO         2110    .text               c_w.l(_printf_fp_hex.o)
    0x080181d8   0x080181d8   0x00000080   Code   RO         2113    .text               c_w.l(_printf_fp_infnan.o)
    0x08018258   0x08018258   0x0000002c   Code   RO         2117    .text               c_w.l(_printf_wchar.o)
    0x08018284   0x08018284   0x00000374   Code   RO         2119    .text               c_w.l(_scanf.o)
    0x080185f8   0x080185f8   0x0000009e   Code   RO         2121    .text               c_w.l(_strtoul.o)
    0x08018696   0x08018696   0x00000002   PAD
    0x08018698   0x08018698   0x000000dc   Code   RO         2123    .text               c_w.l(bigflt0.o)
    0x08018774   0x08018774   0x00000008   Code   RO         2148    .text               c_w.l(ferror.o)
    0x0801877c   0x0801877c   0x00000040   Code   RO         2152    .text               c_w.l(_wcrtomb.o)
    0x080187bc   0x080187bc   0x0000004a   Code   RO         2165    .text               c_w.l(sys_stackheap_outer.o)
    0x08018806   0x08018806   0x0000001c   Code   RO         2167    .text               c_w.l(_chval.o)
    0x08018822   0x08018822   0x00000002   PAD
    0x08018824   0x08018824   0x000004a4   Code   RO         2169    .text               c_w.l(scanf_fp.o)
    0x08018cc8   0x08018cc8   0x0000000c   Code   RO         2174    .text               c_w.l(exit.o)
    0x08018cd4   0x08018cd4   0x00000318   Code   RO         2267    .text               c_w.l(scanf_hexfp.o)
    0x08018fec   0x08018fec   0x00000134   Code   RO         2269    .text               c_w.l(scanf_infnan.o)
    0x08019120   0x08019120   0x00000026   Code   RO         2291    .text               c_w.l(llshl.o)
    0x08019146   0x08019146   0x0000003e   Code   RO         2126    CL$$btod_d2e        c_w.l(btod.o)
    0x08019184   0x08019184   0x00000046   Code   RO         2128    CL$$btod_d2e_denorm_low  c_w.l(btod.o)
    0x080191ca   0x080191ca   0x00000060   Code   RO         2127    CL$$btod_d2e_norm_op1  c_w.l(btod.o)
    0x0801922a   0x0801922a   0x00000338   Code   RO         2136    CL$$btod_div_common  c_w.l(btod.o)
    0x08019562   0x08019562   0x00000002   PAD
    0x08019564   0x08019564   0x00000054   Code   RO         2134    CL$$btod_e2d        c_w.l(btod.o)
    0x080195b8   0x080195b8   0x000000c6   Code   RO         2133    CL$$btod_e2e        c_w.l(btod.o)
    0x0801967e   0x0801967e   0x00000028   Code   RO         2130    CL$$btod_ediv       c_w.l(btod.o)
    0x080196a6   0x080196a6   0x00000028   Code   RO         2132    CL$$btod_edivd      c_w.l(btod.o)
    0x080196ce   0x080196ce   0x00000028   Code   RO         2129    CL$$btod_emul       c_w.l(btod.o)
    0x080196f6   0x080196f6   0x00000028   Code   RO         2131    CL$$btod_emuld      c_w.l(btod.o)
    0x0801971e   0x0801971e   0x00000244   Code   RO         2135    CL$$btod_mult_common  c_w.l(btod.o)
    0x08019962   0x08019962   0x00000002   PAD
    0x08019964   0x08019964   0x00000098   Code   RO         1534    CODE                os_cpu_a.o
    0x080199fc   0x080199fc   0x00000028   Code   RO         2163    i.__ARM_fpclassify  m_ws.l(fpclassify.o)
    0x08019a24   0x08019a24   0x0000000e   Code   RO         2354    i.__mathlib_dbl_overflow  m_ws.l(dunder.o)
    0x08019a32   0x08019a32   0x00000002   PAD
    0x08019a34   0x08019a34   0x00000010   Code   RO         2356    i.__mathlib_dbl_underflow  m_ws.l(dunder.o)
    0x08019a44   0x08019a44   0x00000010   Code   RO         2254    i.__mathlib_narrow  m_ws.l(narrow.o)
    0x08019a54   0x08019a54   0x00000088   Code   RO         2255    i.__mathlib_tofloat  m_ws.l(narrow.o)
    0x08019adc   0x08019adc   0x00000016   Code   RO         2305    i.__support_ldexp   m_ws.l(ldexp.o)
    0x08019af2   0x08019af2   0x0000000e   Code   RO         1869    i._is_digit         c_w.l(__printf_wp.o)
    0x08019b00   0x08019b00   0x0000002a   Code   RO         1979    i.atof              m_ws.l(atof.o)
    0x08019b2a   0x08019b2a   0x00000002   PAD
    0x08019b2c   0x08019b2c   0x00000058   Code   RO         2282    i.frexp             m_ws.l(frexp.o)
    0x08019b84   0x08019b84   0x00000074   Code   RO         2306    i.ldexp             m_ws.l(ldexp.o)
    0x08019bf8   0x08019bf8   0x0000004c   Code   RO         1983    i.sqrt              m_ws.l(sqrt.o)
    0x08019c44   0x08019c44   0x0000002c   Code   RO         2155    locale$$code        c_w.l(lc_numeric_c.o)
    0x08019c70   0x08019c70   0x0000002c   Code   RO         2172    locale$$code        c_w.l(lc_ctype_c.o)
    0x08019c9c   0x08019c9c   0x00000062   Code   RO         1916    x$fpl$d2f           fz_ws.l(d2f.o)
    0x08019cfe   0x08019cfe   0x00000002   PAD
    0x08019d00   0x08019d00   0x00000150   Code   RO         1918    x$fpl$dadd          fz_ws.l(daddsub_clz.o)
    0x08019e50   0x08019e50   0x00000010   Code   RO         2348    x$fpl$dcheck1       fz_ws.l(dcheck1.o)
    0x08019e60   0x08019e60   0x00000018   Code   RO         2056    x$fpl$dcmpinf       fz_ws.l(dcmpi.o)
    0x08019e78   0x08019e78   0x00000078   Code   RO         2279    x$fpl$deqf          fz_ws.l(deqf.o)
    0x08019ef0   0x08019ef0   0x0000005e   Code   RO         1924    x$fpl$dfix          fz_ws.l(dfix.o)
    0x08019f4e   0x08019f4e   0x00000002   PAD
    0x08019f50   0x08019f50   0x0000005a   Code   RO         1928    x$fpl$dfixu         fz_ws.l(dfixu.o)
    0x08019faa   0x08019faa   0x00000026   Code   RO         1932    x$fpl$dfltu         fz_ws.l(dflt_clz.o)
    0x08019fd0   0x08019fd0   0x00000078   Code   RO         1938    x$fpl$dleqf         fz_ws.l(dleqf.o)
    0x0801a048   0x0801a048   0x00000154   Code   RO         1940    x$fpl$dmul          fz_ws.l(dmul.o)
    0x0801a19c   0x0801a19c   0x0000009c   Code   RO         2058    x$fpl$dnaninf       fz_ws.l(dnaninf.o)
    0x0801a238   0x0801a238   0x0000000c   Code   RO         2060    x$fpl$dretinf       fz_ws.l(dretinf.o)
    0x0801a244   0x0801a244   0x0000006c   Code   RO         1942    x$fpl$drleqf        fz_ws.l(drleqf.o)
    0x0801a2b0   0x0801a2b0   0x00000016   Code   RO         1919    x$fpl$drsb          fz_ws.l(daddsub_clz.o)
    0x0801a2c6   0x0801a2c6   0x00000002   PAD
    0x0801a2c8   0x0801a2c8   0x000001cc   Code   RO         2062    x$fpl$dsqrt         fz_ws.l(dsqrt_noumaal.o)
    0x0801a494   0x0801a494   0x000001d4   Code   RO         1920    x$fpl$dsub          fz_ws.l(daddsub_clz.o)
    0x0801a668   0x0801a668   0x00000056   Code   RO         1944    x$fpl$f2d           fz_ws.l(f2d.o)
    0x0801a6be   0x0801a6be   0x00000002   PAD
    0x0801a6c0   0x0801a6c0   0x000000c4   Code   RO         1946    x$fpl$fadd          fz_ws.l(faddsub_clz.o)
    0x0801a784   0x0801a784   0x0000000c   Code   RO         2064    x$fpl$fcheck1       fz_ws.l(fcheck1.o)
    0x0801a790   0x0801a790   0x00000184   Code   RO         1953    x$fpl$fdiv          fz_ws.l(fdiv.o)
    0x0801a914   0x0801a914   0x00000036   Code   RO         1958    x$fpl$ffix          fz_ws.l(ffix.o)
    0x0801a94a   0x0801a94a   0x00000002   PAD
    0x0801a94c   0x0801a94c   0x0000003e   Code   RO         1962    x$fpl$ffixu         fz_ws.l(ffixu.o)
    0x0801a98a   0x0801a98a   0x00000002   PAD
    0x0801a98c   0x0801a98c   0x00000030   Code   RO         1967    x$fpl$fflt          fz_ws.l(fflt_clz.o)
    0x0801a9bc   0x0801a9bc   0x00000026   Code   RO         1966    x$fpl$ffltu         fz_ws.l(fflt_clz.o)
    0x0801a9e2   0x0801a9e2   0x00000002   PAD
    0x0801a9e4   0x0801a9e4   0x00000102   Code   RO         1972    x$fpl$fmul          fz_ws.l(fmul.o)
    0x0801aae6   0x0801aae6   0x0000008c   Code   RO         2068    x$fpl$fnaninf       fz_ws.l(fnaninf.o)
    0x0801ab72   0x0801ab72   0x0000000a   Code   RO         2070    x$fpl$fretinf       fz_ws.l(fretinf.o)
    0x0801ab7c   0x0801ab7c   0x000000ea   Code   RO         1948    x$fpl$fsub          fz_ws.l(faddsub_clz.o)
    0x0801ac66   0x0801ac66   0x00000004   Code   RO         1974    x$fpl$printf1       fz_ws.l(printf1.o)
    0x0801ac6a   0x0801ac6a   0x00000004   Code   RO         2072    x$fpl$printf2       fz_ws.l(printf2.o)
    0x0801ac6e   0x0801ac6e   0x00000064   Code   RO         2159    x$fpl$retnan        fz_ws.l(retnan.o)
    0x0801acd2   0x0801acd2   0x0000005c   Code   RO         2302    x$fpl$scalbn        fz_ws.l(scalbn.o)
    0x0801ad2e   0x0801ad2e   0x0000004c   Code   RO         1976    x$fpl$scalbnf       fz_ws.l(scalbnf.o)
    0x0801ad7a   0x0801ad7a   0x00000004   Code   RO         2161    x$fpl$scanf1        fz_ws.l(scanf1.o)
    0x0801ad7e   0x0801ad7e   0x00000008   Code   RO         2248    x$fpl$scanf2        fz_ws.l(scanf2.o)
    0x0801ad86   0x0801ad86   0x00000030   Code   RO         2231    x$fpl$trapveneer    fz_ws.l(trapv.o)
    0x0801adb6   0x0801adb6   0x00000000   Code   RO         2078    x$fpl$usenofp       fz_ws.l(usenofp.o)
    0x0801adb6   0x0801adb6   0x000017c0   Data   RO          365    .constdata          lcd.o
    0x0801c576   0x0801c576   0x00000002   PAD
    0x0801c578   0x0801c578   0x000000a0   Data   RO          394    .constdata          esp8266.o
    0x0801c618   0x0801c618   0x00000018   Data   RO          515    .constdata          rtc.o
    0x0801c630   0x0801c630   0x00000004   Data   RO          576    .constdata          touch.o
    0x0801c634   0x0801c634   0x00000014   Data   RO          609    .constdata          ft5206.o
    0x0801c648   0x0801c648   0x000000c2   Data   RO          632    .constdata          gt9147.o
    0x0801c70a   0x0801c70a   0x0000000a   Data   RO          648    .constdata          ott2001a.o
    0x0801c714   0x0801c714   0x00000100   Data   RO         1117    .constdata          cpu_core.o
    0x0801c814   0x0801c814   0x00000094   Data   RO         1210    .constdata          lib_str.o
    0x0801c8a8   0x0801c8a8   0x00000094   Data   RO         1240    .constdata          os_cfg_app.o
    0x0801c93c   0x0801c93c   0x00000018   Data   RO         1624    .constdata          malloc.o
    0x0801c954   0x0801c954   0x00000014   Data   RO         1643    .constdata          sim800c.o
    0x0801c968   0x0801c968   0x000003c0   Data   RO         1748    .constdata          mycc936.o
    0x0801cd28   0x0801cd28   0x00000028   Data   RO         1857    .constdata          c_w.l(_printf_hex_int_ll_ptr.o)
    0x0801cd50   0x0801cd50   0x00000011   Data   RO         1877    .constdata          c_w.l(__printf_flags_ss_wp.o)
    0x0801cd61   0x0801cd61   0x00000003   PAD
    0x0801cd64   0x0801cd64   0x00000008   Data   RO         2021    .constdata          c_w.l(_printf_wctomb.o)
    0x0801cd6c   0x0801cd6c   0x00000026   Data   RO         2111    .constdata          c_w.l(_printf_fp_hex.o)
    0x0801cd92   0x0801cd92   0x00000002   PAD
    0x0801cd94   0x0801cd94   0x00000094   Data   RO         2124    .constdata          c_w.l(bigflt0.o)
    0x0801ce28   0x0801ce28   0x00000064   Data   RO           11    .conststring        main.o
    0x0801ce8c   0x0801ce8c   0x00000071   Data   RO          395    .conststring        esp8266.o
    0x0801cefd   0x0801cefd   0x00000003   PAD
    0x0801cf00   0x0801cf00   0x00000079   Data   RO          577    .conststring        touch.o
    0x0801cf79   0x0801cf79   0x00000003   PAD
    0x0801cf7c   0x0801cf7c   0x00000028   Data   RO          743    .conststring        usmart.o
    0x0801cfa4   0x0801cfa4   0x000000a7   Data   RO          782    .conststring        usmart_config.o
    0x0801d04b   0x0801d04b   0x00000001   PAD
    0x0801d04c   0x0801d04c   0x0000014e   Data   RO         1644    .conststring        sim800c.o
    0x0801d19a   0x0801d19a   0x00000002   PAD
    0x0801d19c   0x0801d19c   0x00000020   Data   RO         2369    Region$$Table       anon$$obj.o
    0x0801d1bc   0x0801d1bc   0x00000008   Data   RO         2243    c$$dinf             fz_ws.l(fpconst.o)
    0x0801d1c4   0x0801d1c4   0x0000001c   Data   RO         2154    locale$$data        c_w.l(lc_numeric_c.o)
    0x0801d1e0   0x0801d1e0   0x00000110   Data   RO         2171    locale$$data        c_w.l(lc_ctype_c.o)


    Execution Region RW_IRAM1 (Exec base: 0x20000000, Load base: 0x0801d2f0, Size: 0x0000e728, Max: 0x00010000, ABSOLUTE, COMPRESSED[0x000000f4])

    Exec Addr    Load Addr    Size         Type   Attr      Idx    E Section Name        Object

    0x20000000   COMPRESSED   0x00000043   Data   RW           12    .data               main.o
    0x20000043   COMPRESSED   0x00000001   PAD
    0x20000044   COMPRESSED   0x00000014   Data   RW          317    .data               system_stm32f10x.o
    0x20000058   COMPRESSED   0x00000001   Data   RW          347    .data               key.o
    0x20000059   COMPRESSED   0x00000001   PAD
    0x2000005a   COMPRESSED   0x00000004   Data   RW          366    .data               lcd.o
    0x2000005e   COMPRESSED   0x00000002   PAD
    0x20000060   COMPRESSED   0x00000018   Data   RW          396    .data               esp8266.o
    0x20000078   COMPRESSED   0x00000004   Data   RW          418    .data               usart3.o
    0x2000007c   COMPRESSED   0x00000001   Data   RW          443    .data               timer.o
    0x2000007d   COMPRESSED   0x00000001   PAD
    0x2000007e   COMPRESSED   0x00000002   Data   RW          516    .data               rtc.o
    0x20000080   COMPRESSED   0x00000018   Data   RW          534    .data               rc522.o
    0x20000098   COMPRESSED   0x00000038   Data   RW          578    .data               touch.o
    0x200000d0   COMPRESSED   0x00000007   Data   RW          610    .data               ft5206.o
    0x200000d7   COMPRESSED   0x00000001   Data   RW          633    .data               gt9147.o
    0x200000d8   COMPRESSED   0x00000001   Data   RW          649    .data               ott2001a.o
    0x200000d9   COMPRESSED   0x00000001   PAD
    0x200000da   COMPRESSED   0x00000004   Data   RW          688    .data               delay.o
    0x200000de   COMPRESSED   0x00000002   Data   RW          720    .data               usart.o
    0x200000e0   COMPRESSED   0x00000004   Data   RW          721    .data               usart.o
    0x200000e4   COMPRESSED   0x0000001c   Data   RW          744    .data               usmart.o
    0x20000100   COMPRESSED   0x00000028   Data   RW          783    .data               usmart_config.o
    0x20000128   COMPRESSED   0x000000f4   Data   RW          784    .data               usmart_config.o
    0x2000021c   COMPRESSED   0x00000014   Data   RW          850    .data               stm32f10x_rcc.o
    0x20000230   COMPRESSED   0x00000004   Data   RW         1119    .data               cpu_core.o
    0x20000234   COMPRESSED   0x00000004   Data   RW         1192    .data               lib_mem.o
    0x20000238   COMPRESSED   0x00000008   Data   RW         1356    .data               os_prio.o
    0x20000240   COMPRESSED   0x00000004   Data   RW         1465    .data               os_var.o
    0x20000244   COMPRESSED   0x00000004   Data   RW         1466    .data               os_var.o
    0x20000248   COMPRESSED   0x00000004   Data   RW         1467    .data               os_var.o
    0x2000024c   COMPRESSED   0x00000004   Data   RW         1468    .data               os_var.o
    0x20000250   COMPRESSED   0x00000004   Data   RW         1469    .data               os_var.o
    0x20000254   COMPRESSED   0x00000004   Data   RW         1470    .data               os_var.o
    0x20000258   COMPRESSED   0x00000004   Data   RW         1471    .data               os_var.o
    0x2000025c   COMPRESSED   0x00000004   Data   RW         1472    .data               os_var.o
    0x20000260   COMPRESSED   0x00000001   Data   RW         1473    .data               os_var.o
    0x20000261   COMPRESSED   0x00000001   Data   RW         1474    .data               os_var.o
    0x20000262   COMPRESSED   0x00000002   PAD
    0x20000264   COMPRESSED   0x00000004   Data   RW         1475    .data               os_var.o
    0x20000268   COMPRESSED   0x00000004   Data   RW         1476    .data               os_var.o
    0x2000026c   COMPRESSED   0x00000002   Data   RW         1477    .data               os_var.o
    0x2000026e   COMPRESSED   0x00000002   Data   RW         1478    .data               os_var.o
    0x20000270   COMPRESSED   0x00000002   Data   RW         1479    .data               os_var.o
    0x20000272   COMPRESSED   0x00000002   PAD
    0x20000274   COMPRESSED   0x00000004   Data   RW         1480    .data               os_var.o
    0x20000278   COMPRESSED   0x00000004   Data   RW         1481    .data               os_var.o
    0x2000027c   COMPRESSED   0x00000002   Data   RW         1482    .data               os_var.o
    0x2000027e   COMPRESSED   0x00000002   PAD
    0x20000280   COMPRESSED   0x00000004   Data   RW         1483    .data               os_var.o
    0x20000284   COMPRESSED   0x00000002   Data   RW         1484    .data               os_var.o
    0x20000286   COMPRESSED   0x00000002   PAD
    0x20000288   COMPRESSED   0x00000004   Data   RW         1485    .data               os_var.o
    0x2000028c   COMPRESSED   0x00000002   Data   RW         1486    .data               os_var.o
    0x2000028e   COMPRESSED   0x00000001   Data   RW         1487    .data               os_var.o
    0x2000028f   COMPRESSED   0x00000001   Data   RW         1488    .data               os_var.o
    0x20000290   COMPRESSED   0x00000001   Data   RW         1489    .data               os_var.o
    0x20000291   COMPRESSED   0x00000003   PAD
    0x20000294   COMPRESSED   0x00000004   Data   RW         1490    .data               os_var.o
    0x20000298   COMPRESSED   0x00000002   Data   RW         1491    .data               os_var.o
    0x2000029a   COMPRESSED   0x00000002   PAD
    0x2000029c   COMPRESSED   0x00000004   Data   RW         1492    .data               os_var.o
    0x200002a0   COMPRESSED   0x00000004   Data   RW         1493    .data               os_var.o
    0x200002a4   COMPRESSED   0x00000004   Data   RW         1494    .data               os_var.o
    0x200002a8   COMPRESSED   0x00000001   Data   RW         1495    .data               os_var.o
    0x200002a9   COMPRESSED   0x00000003   PAD
    0x200002ac   COMPRESSED   0x00000004   Data   RW         1496    .data               os_var.o
    0x200002b0   COMPRESSED   0x00000001   Data   RW         1497    .data               os_var.o
    0x200002b1   COMPRESSED   0x00000003   PAD
    0x200002b4   COMPRESSED   0x00000004   Data   RW         1498    .data               os_var.o
    0x200002b8   COMPRESSED   0x00000002   Data   RW         1499    .data               os_var.o
    0x200002ba   COMPRESSED   0x00000001   Data   RW         1500    .data               os_var.o
    0x200002bb   COMPRESSED   0x00000001   PAD
    0x200002bc   COMPRESSED   0x00000002   Data   RW         1501    .data               os_var.o
    0x200002be   COMPRESSED   0x00000002   Data   RW         1502    .data               os_var.o
    0x200002c0   COMPRESSED   0x00000004   Data   RW         1503    .data               os_var.o
    0x200002c4   COMPRESSED   0x00000004   Data   RW         1504    .data               os_var.o
    0x200002c8   COMPRESSED   0x00000004   Data   RW         1505    .data               os_var.o
    0x200002cc   COMPRESSED   0x00000001   Data   RW         1506    .data               os_var.o
    0x200002cd   COMPRESSED   0x00000003   PAD
    0x200002d0   COMPRESSED   0x00000004   Data   RW         1507    .data               os_var.o
    0x200002d4   COMPRESSED   0x00000004   Data   RW         1508    .data               os_var.o
    0x200002d8   COMPRESSED   0x00000004   Data   RW         1509    .data               os_var.o
    0x200002dc   COMPRESSED   0x00000002   Data   RW         1510    .data               os_var.o
    0x200002de   COMPRESSED   0x00000001   Data   RW         1511    .data               os_var.o
    0x200002df   COMPRESSED   0x00000001   PAD
    0x200002e0   COMPRESSED   0x00000004   Data   RW         1512    .data               os_var.o
    0x200002e4   COMPRESSED   0x00000004   Data   RW         1513    .data               os_var.o
    0x200002e8   COMPRESSED   0x00000004   Data   RW         1514    .data               os_var.o
    0x200002ec   COMPRESSED   0x00000002   Data   RW         1515    .data               os_var.o
    0x200002ee   COMPRESSED   0x00000002   PAD
    0x200002f0   COMPRESSED   0x00000004   Data   RW         1516    .data               os_var.o
    0x200002f4   COMPRESSED   0x00000004   Data   RW         1517    .data               os_var.o
    0x200002f8   COMPRESSED   0x00000004   Data   RW         1518    .data               os_var.o
    0x200002fc   COMPRESSED   0x00000004   Data   RW         1519    .data               os_var.o
    0x20000300   COMPRESSED   0x00000004   Data   RW         1520    .data               os_var.o
    0x20000304   COMPRESSED   0x00000004   Data   RW         1521    .data               os_var.o
    0x20000308   COMPRESSED   0x00000004   Data   RW         1538    .data               os_cpu_c.o
    0x2000030c   COMPRESSED   0x00000002   Data   RW         1587    .data               w25qxx.o
    0x2000030e   COMPRESSED   0x00000002   PAD
    0x20000310   COMPRESSED   0x0000001c   Data   RW         1625    .data               malloc.o
    0x2000032c   COMPRESSED   0x00000054   Data   RW         1646    .data               sim800c.o
    0x20000380   COMPRESSED   0x00000010   Data   RW         1795    .data               sdio_sdcard.o
    0x20000390        -       0x00001d70   Zero   RW            2    .bss                main.o
    0x20002100        -       0x0000000e   Zero   RW          364    .bss                lcd.o
    0x2000210e        -       0x00000cb0   Zero   RW          417    .bss                usart3.o
    0x20002dbe        -       0x0000000a   Zero   RW          514    .bss                rtc.o
    0x20002dc8        -       0x000000c8   Zero   RW          719    .bss                usart.o
    0x20002e90        -       0x00000010   Zero   RW         1116    .bss                cpu_core.o
    0x20002ea0        -       0x00000448   Zero   RW         1191    .bss                lib_mem.o
    0x200032e8        -       0x00000200   Zero   RW         1230    .bss                os_cfg_app.o
    0x200034e8        -       0x00000140   Zero   RW         1231    .bss                os_cfg_app.o
    0x20003628        -       0x00000200   Zero   RW         1232    .bss                os_cfg_app.o
    0x20003828        -       0x00000200   Zero   RW         1233    .bss                os_cfg_app.o
    0x20003a28        -       0x00000640   Zero   RW         1234    .bss                os_cfg_app.o
    0x20004068        -       0x00000200   Zero   RW         1235    .bss                os_cfg_app.o
    0x20004268        -       0x00000200   Zero   RW         1236    .bss                os_cfg_app.o
    0x20004468        -       0x00000088   Zero   RW         1237    .bss                os_cfg_app.o
    0x200044f0        -       0x00000200   Zero   RW         1238    .bss                os_cfg_app.o
    0x200046f0        -       0x00000088   Zero   RW         1239    .bss                os_cfg_app.o
    0x20004778        -       0x000000c4   Zero   RW         1458    .bss                os_var.o
    0x2000483c        -       0x000000c4   Zero   RW         1459    .bss                os_var.o
    0x20004900        -       0x0000000c   Zero   RW         1460    .bss                os_var.o
    0x2000490c        -       0x00000300   Zero   RW         1461    .bss                os_var.o
    0x20004c0c        -       0x000000c4   Zero   RW         1462    .bss                os_var.o
    0x20004cd0        -       0x000000c4   Zero   RW         1463    .bss                os_var.o
    0x20004d94        -       0x000000c4   Zero   RW         1464    .bss                os_var.o
    0x20004e58        -       0x00001000   Zero   RW         1586    .bss                w25qxx.o
    0x20005e58   COMPRESSED   0x00000008   PAD
    0x20005e60        -       0x00007800   Zero   RW         1622    .bss                malloc.o
    0x2000d660        -       0x00000780   Zero   RW         1623    .bss                malloc.o
    0x2000dde0        -       0x00000021   Zero   RW         1677    .bss                fontupd.o
    0x2000de01   COMPRESSED   0x00000007   PAD
    0x2000de08        -       0x000002c0   Zero   RW         1794    .bss                sdio_sdcard.o
    0x2000e0c8        -       0x00000060   Zero   RW         2080    .bss                c_w.l(libspace.o)
    0x2000e128        -       0x00000200   Zero   RW          807    HEAP                startup_stm32f10x_hd.o
    0x2000e328        -       0x00000400   Zero   RW          806    STACK               startup_stm32f10x_hd.o



  Load Region LR$$.ARM.__AT_0x68000000 (Base: 0x68000000, Size: 0x00000000, Max: 0x000f0000, ABSOLUTE)

    Execution Region ER$$.ARM.__AT_0x68000000 (Exec base: 0x68000000, Load base: 0x68000000, Size: 0x000f0000, Max: 0x000f0000, ABSOLUTE, UNINIT)

    Exec Addr    Load Addr    Size         Type   Attr      Idx    E Section Name        Object

    0x68000000        -       0x000f0000   Zero   RW         1620    .ARM.__AT_0x68000000  malloc.o



  Load Region LR$$.ARM.__AT_0x680F0000 (Base: 0x680f0000, Size: 0x00000000, Max: 0x0000f000, ABSOLUTE)

    Execution Region ER$$.ARM.__AT_0x680F0000 (Exec base: 0x680f0000, Load base: 0x680f0000, Size: 0x0000f000, Max: 0x0000f000, ABSOLUTE, UNINIT)

    Exec Addr    Load Addr    Size         Type   Attr      Idx    E Section Name        Object

    0x680f0000        -       0x0000f000   Zero   RW         1621    .ARM.__AT_0x680F0000  malloc.o


==============================================================================

Image component sizes


      Code (inc. data)   RO Data    RW Data    ZI Data      Debug   Object Name

       322          0          0          0          0       2670   24cxx_1.o
       200         10          0          0          0       1138   beep.o
       104         12          0          0          0       1131   bsp.o
        52          0          0          0          0        320   cpu_a.o
       480         12        256          4         16      14059   cpu_core.o
       572         26          0          0          0       2093   ctiic.o
       284         30          0          4          0       1805   delay.o
      1200        362        273         24          0       3687   esp8266.o
       452         12          0          0          0       1494   exti.o
       114          0          0          0          0       1038   flash.o
         0          0          0          0         33       3997   fontupd.o
      1132         52         20          7          0       2955   ft5206.o
       952         64        194          1          0       3058   gt9147.o
       224          8          0          1          0        856   key.o
     17698        118       6080          4         14      22426   lcd.o
       346          0          0          0          0       3984   lib_ascii.o
      1808         26          0          4       1096      22356   lib_mem.o
       544          0          0          0          0        464   lib_mem_a.o
      1704          4        148          0          0      13618   lib_str.o
      3324        564        100         67       7536     342156   main.o
       476         10         24         28    1077120       4516   malloc.o
       184         12          0          0          0       1929   misc.o
       160         14        960          0          0       1513   mycc936.o
       528         14          0          0          0       1948   myiic.o
         2          0        148          0       5264      20766   os_cfg_app.o
      2976        268          0          0          0      13101   os_core.o
       152         32          0          0          0        376   os_cpu_a.o
       396         66          0          4          0       3633   os_cpu_c.o
         2          0          0          0          0        442   os_dbg.o
      2436         90          0          0          0       9187   os_flag.o
       812        144          0          0          0       2460   os_int.o
       404         22          0          0          0       2576   os_mem.o
       404         12          0          0          0       2863   os_msg.o
      1900         94          0          0          0       6194   os_mutex.o
       112          6          0          8          0       1724   os_prio.o
      1668         66          0          0          0       6680   os_q.o
      1472         64          0          0          0       6396   os_sem.o
      1084        144          0          0          0       3097   os_stat.o
      4304        216          0          0          0      15634   os_task.o
       912         82          0          0          0       3557   os_tick.o
       876         42          0          0          0       3485   os_time.o
      1840        138          0          0          0       6866   os_tmr.o
         0          0          0        174       1760      19313   os_var.o
       748         52         10          1          0       2655   ott2001a.o
        44          6          0          0          0        442   pio.o
       152          4          0          0          0        755   pwm.o
      2252         30          0         24          0       8495   rc522.o
      1068         58         24          2         10       4646   rtc.o
      6120        120          0         16        704      26496   sdio_sdcard.o
        52         14          0          0          0        572   servo.o
      6408       1216        354         84          0      11471   sim800c.o
       252          8          0          0          0       1089   spi.o
        64         26        304          0       1536        776   startup_stm32f10x_hd.o
       156          8          0          0          0       3428   stm32f10x_bkp.o
       488         10          0          0          0       4770   stm32f10x_dma.o
       236         10          0          0          0       2391   stm32f10x_exti.o
      1188         22          0          0          0       8918   stm32f10x_flash.o
      1206         10          0          0          0       5987   stm32f10x_fsmc.o
       664         36          0          0          0       6193   stm32f10x_gpio.o
        14          0          0          0          0        951   stm32f10x_it.o
       172         12          0          0          0       1935   stm32f10x_pwr.o
       756         32          0         20          0       9304   stm32f10x_rcc.o
       276          6          0          0          0       2746   stm32f10x_rtc.o
       432         20          0          0          0       7268   stm32f10x_sdio.o
       692         12          0          0          0       7098   stm32f10x_spi.o
      3114         84          0          0          0      24972   stm32f10x_tim.o
       924         20          0          0          0       9140   stm32f10x_usart.o
        12          0          0          0          0        595   sys.o
       372         34          0         20          0       1711   system_stm32f10x.o
       588         16          0          0          0       3124   text.o
       380         26          0          1          0       1518   timer.o
      3116        182        125         56          0       7193   touch.o
       664         28          0          6        200       4668   usart.o
       800         54          0          4       3248       3958   usart3.o
      2868       1284         40         28          0       4562   usmart.o
         0          0        167        284          0       1556   usmart_config.o
      1092         12          0          0          0       5509   usmart_str.o
       792         28          0          2       4096       4565   w25qxx.o

    ----------------------------------------------------------------------
     92792       6316       9270        912    1102648     775018   Object Totals
         0          0         32          0          0          0   (incl. Generated)
        18          0         11         34         15          0   (incl. Padding)

    ----------------------------------------------------------------------

      Code (inc. data)   RO Data    RW Data    ZI Data      Debug   Library Member Name

        60          8          0          0          0         84   __0sscanf.o
        24          4          0          0          0         84   __2printf.o
        44          6          0          0          0         84   __2sprintf.o
        90          0          0          0          0          0   __dczerorl2.o
         8          0          0          0          0         68   __main.o
       392          4         17          0          0         92   __printf_flags_ss_wp.o
        14          0          0          0          0         68   __printf_wp.o
         0          0          0          0          0          0   __rtentry.o
        12          0          0          0          0          0   __rtentry2.o
         6          0          0          0          0          0   __rtentry4.o
        52          8          0          0          0          0   __scatter.o
        28          0          0          0          0          0   __scatter_zi.o
        28          0          0          0          0         68   _chval.o
         6          0          0          0          0          0   _printf_a.o
         6          0          0          0          0          0   _printf_c.o
        44          0          0          0          0        108   _printf_char.o
        48          6          0          0          0         96   _printf_char_common.o
        36          4          0          0          0         80   _printf_char_file.o
        40          0          0          0          0         68   _printf_charcount.o
         6          0          0          0          0          0   _printf_d.o
       120         16          0          0          0         92   _printf_dec.o
         6          0          0          0          0          0   _printf_e.o
         6          0          0          0          0          0   _printf_f.o
      1050          0          0          0          0        216   _printf_fp_dec.o
       764         10         38          0          0        100   _printf_fp_hex.o
       128         16          0          0          0         84   _printf_fp_infnan.o
         6          0          0          0          0          0   _printf_g.o
       148          4         40          0          0        160   _printf_hex_int_ll_ptr.o
         6          0          0          0          0          0   _printf_i.o
       178          0          0          0          0         88   _printf_intcommon.o
        10          0          0          0          0          0   _printf_l.o
         6          0          0          0          0          0   _printf_lc.o
        10          0          0          0          0          0   _printf_ll.o
         6          0          0          0          0          0   _printf_lld.o
         6          0          0          0          0          0   _printf_lli.o
         6          0          0          0          0          0   _printf_llo.o
         6          0          0          0          0          0   _printf_llu.o
         6          0          0          0          0          0   _printf_llx.o
       124         16          0          0          0         92   _printf_longlong_dec.o
         6          0          0          0          0          0   _printf_ls.o
         6          0          0          0          0          0   _printf_n.o
         6          0          0          0          0          0   _printf_o.o
       112          8          0          0          0        124   _printf_oct_int_ll.o
         6          0          0          0          0          0   _printf_p.o
        78          0          0          0          0        108   _printf_pad.o
         0          0          0          0          0          0   _printf_percent.o
         4          0          0          0          0          0   _printf_percent_end.o
         6          0          0          0          0          0   _printf_s.o
        82          0          0          0          0         80   _printf_str.o
        36          0          0          0          0         84   _printf_truncate.o
         6          0          0          0          0          0   _printf_u.o
        44          0          0          0          0        108   _printf_wchar.o
       188          6          8          0          0         92   _printf_wctomb.o
         6          0          0          0          0          0   _printf_x.o
        22          0          0          0          0        100   _rserrno.o
       884          6          0          0          0        100   _scanf.o
       224          0          0          0          0         96   _scanf_str.o
        64          0          0          0          0         84   _sgetc.o
        10          0          0          0          0         68   _sputc.o
       158          0          0          0          0         92   _strtoul.o
        64          0          0          0          0         92   _wcrtomb.o
        26          0          0          0          0         80   atoi.o
       220          4        148          0          0         96   bigflt0.o
      2074        132          0          0          0        940   btod.o
        12          0          0          0          0         72   exit.o
         8          0          0          0          0         68   ferror.o
         6          0          0          0          0        152   heapauxi.o
        18          0          0          0          0         76   isspace.o
        44         10        272          0          0         76   lc_ctype_c.o
        44         10         28          0          0         76   lc_numeric_c.o
         2          0          0          0          0          0   libinit.o
        30          0          0          0          0          0   libinit2.o
         2          0          0          0          0          0   libshutdown.o
         2          0          0          0          0          0   libshutdown2.o
         8          4          0          0         96         68   libspace.o
        38          0          0          0          0         68   llshl.o
       138          0          0          0          0         80   lludiv10.o
       238          0          0          0          0        100   lludivv7m.o
        16          4          0          0          0         76   rt_ctype_table.o
         8          4          0          0          0         68   rt_errno_addr_intlibspace.o
         8          4          0          0          0         68   rt_locale_intlibspace.o
        68          0          0          0          0         68   rt_memclr.o
        78          0          0          0          0         80   rt_memclr_w.o
       138          0          0          0          0         68   rt_memcpy_v6.o
       100          0          0          0          0         80   rt_memcpy_w.o
         2          0          0          0          0          0   rtexit.o
        10          0          0          0          0          0   rtexit2.o
        44          8          0          0          0         84   scanf_char.o
      1188         12          0          0          0        148   scanf_fp.o
       792         14          0          0          0        100   scanf_hexfp.o
       308         16          0          0          0        100   scanf_infnan.o
        24          0          0          0          0         68   strcat.o
        20          0          0          0          0         68   strchr.o
       128          0          0          0          0         68   strcmpv7m.o
        72          0          0          0          0         80   strcpy.o
        62          0          0          0          0         76   strlen.o
        36          0          0          0          0         80   strstr.o
       160         12          0          0          0        120   strtod.o
       112          0          0          0          0         88   strtol.o
        74          0          0          0          0         80   sys_stackheap_outer.o
         2          0          0          0          0         68   use_no_semi.o
         2          0          0          0          0         68   use_no_semi_2.o
        36          4          0          0          0         76   vsprintf.o
        98          4          0          0          0         92   d2f.o
       826         16          0          0          0        348   daddsub_clz.o
        16          4          0          0          0         68   dcheck1.o
        24          0          0          0          0         68   dcmpi.o
       120          4          0          0          0         92   deqf.o
        94          4          0          0          0         92   dfix.o
        90          4          0          0          0         92   dfixu.o
        38          0          0          0          0         68   dflt_clz.o
       120          4          0          0          0         92   dleqf.o
       340         12          0          0          0        104   dmul.o
       156          4          0          0          0         92   dnaninf.o
        12          0          0          0          0         68   dretinf.o
       108          0          0          0          0         80   drleqf.o
       460         56          0          0          0        120   dsqrt_noumaal.o
        86          4          0          0          0         84   f2d.o
       430          8          0          0          0        168   faddsub_clz.o
        12          4          0          0          0         68   fcheck1.o
       388         76          0          0          0         96   fdiv.o
        54          4          0          0          0         84   ffix.o
        62          4          0          0          0         84   ffixu.o
        86          0          0          0          0        136   fflt_clz.o
       258          4          0          0          0         84   fmul.o
       140          4          0          0          0         84   fnaninf.o
         0          0          8          0          0          0   fpconst.o
        10          0          0          0          0         68   fretinf.o
         4          0          0          0          0         68   printf1.o
         4          0          0          0          0         68   printf2.o
       100          0          0          0          0         68   retnan.o
        92          0          0          0          0         68   scalbn.o
        76          0          0          0          0         68   scalbnf.o
         4          0          0          0          0         68   scanf1.o
         8          0          0          0          0         84   scanf2.o
        48          0          0          0          0         68   trapv.o
         0          0          0          0          0          0   usenofp.o
        42          0          0          0          0         84   atof.o
        30          6          0          0          0        136   dunder.o
        40          0          0          0          0         68   fpclassify.o
        88          8          0          0          0         76   frexp.o
       138          0          0          0          0        160   ldexp.o
       152          4          0          0          0        168   narrow.o
        76          0          0          0          0         84   sqrt.o

    ----------------------------------------------------------------------
     16910        600        564          0         96      10560   Library Totals
        34          2          5          0          0          0   (incl. Padding)

    ----------------------------------------------------------------------

      Code (inc. data)   RO Data    RW Data    ZI Data      Debug   Library Name

     11946        360        551          0         96       6792   c_w.l
      4364        220          8          0          0       2992   fz_ws.l
       566         18          0          0          0        776   m_ws.l

    ----------------------------------------------------------------------
     16910        600        564          0         96      10560   Library Totals

    ----------------------------------------------------------------------

==============================================================================


      Code (inc. data)   RO Data    RW Data    ZI Data      Debug   

    109702       6916       9834        912    1102744     772158   Grand Totals
    109702       6916       9834        244    1102744     772158   ELF Image Totals (compressed)
    109702       6916       9834        244          0          0   ROM Totals

==============================================================================

    Total RO  Size (Code + RO Data)               119536 ( 116.73kB)
    Total RW  Size (RW Data + ZI Data)           1103656 (1077.79kB)
    Total ROM Size (Code + RO Data + RW Data)     119780 ( 116.97kB)

==============================================================================

