<html>
<body>
<pre>
<h1>µVision Build Log</h1>
<h2>Tool Versions:</h2>
IDE-Version: ¦ÌVision V5.25.3.0
Copyright (C) 2018 ARM Ltd and ARM Germany GmbH. All rights reserved.
License Information: wall wayj, xbmu, LIC=IK1BF-6R58W-WFVI7-EGPNJ-B0KQG-V2N7N
 
Tool Versions:
Toolchain:       MDK-ARM Plus  Version: 5.14.0.0
Toolchain Path:  E:\32\k5\ARM\ARMCC\Bin
C Compiler:      Armcc.exe V5.05 update 1 (build 106)
Assembler:       Armasm.exe V5.05 update 1 (build 106)
Linker/Locator:  ArmLink.exe V5.05 update 1 (build 106)
Library Manager: ArmAr.exe V5.05 update 1 (build 106)
Hex Converter:   FromElf.exe V5.05 update 1 (build 106)
CPU DLL:         SARMCM3.DLL V5.14.0.0
Dialog DLL:      DCM.DLL V1.13.1.0
Target DLL:      CMSIS_AGDI.dll V1.21.0.0
Dialog DLL:      TCM.DLL V1.14.4.0
 
<h2>Project:</h2>
C:\Users\wallwayj\Desktop\Guard\USER\Template.uvprojx
Project File Date:  05/06/2024

<h2>Output:</h2>
*** Using Compiler 'V5.05 update 1 (build 106)', folder: 'E:\32\k5\ARM\ARMCC\Bin'
Rebuild target 'Target 1'
compiling stm32f10x_it.c...
compiling esp8266.c...
compiling led.c...
compiling key.c...
compiling pio.c...
compiling system_stm32f10x.c...
compiling AD.c...
compiling timer.c...
compiling usart3.c...
compiling lcd.c...
compiling beep.c...
compiling rtc.c...
compiling PWM.c...
compiling RC522.c...
compiling main.c...
main.c(217): warning:  #177-D: variable "old_time_gas" was declared but never referenced
  	u32 old_time_gas=old_time_fire;
main.c(218): warning:  #177-D: variable "old_time_people" was declared but never referenced
  	u32 old_time_people=old_time_fire;
main.c: 2 warnings, 0 errors
compiling exti.c...
compiling Servo.c...
compiling gt9147.C...
compiling touch.C...
compiling ft5206.C...
compiling ctiic.C...
compiling ott2001a.C...
compiling myiic.C...
assembling startup_stm32f10x_hd.s...
compiling delay.c...
compiling Flash.c...
compiling usmart_str.c...
compiling usmart.c...
compiling usmart_config.c...
compiling misc.c...
compiling usart.c...
compiling stm32f10x_gpio.c...
compiling sys.c...
compiling core_cm3.c...
compiling stm32f10x_usart.c...
compiling stm32f10x_rcc.c...
compiling stm32f10x_tim.c...
compiling stm32f10x_fsmc.c...
compiling stm32f10x_exti.c...
compiling stm32f10x_i2c.c...
compiling stm32f10x_dma.c...
compiling stm32f10x_rtc.c...
compiling stm32f10x_adc.c...
compiling stm32f10x_bkp.c...
compiling stm32f10x_crc.c...
compiling stm32f10x_cec.c...
compiling stm32f10x_can.c...
compiling stm32f10x_dac.c...
compiling stm32f10x_dbgmcu.c...
compiling stm32f10x_iwdg.c...
compiling stm32f10x_flash.c...
compiling stm32f10x_pwr.c...
compiling stm32f10x_sdio.c...
compiling stm32f10x_spi.c...
compiling bsp.c...
assembling cpu_a.asm...
compiling cpu_core.c...
compiling lib_ascii.c...
compiling lib_math.c...
compiling cpu_c.c...
compiling lib_str.c...
compiling lib_mem.c...
assembling lib_mem_a.asm...
compiling os_cfg_app.c...
compiling os_dbg.c...
compiling os_core.c...
compiling os_pend_multi.c...
compiling os_mem.c...
compiling os_msg.c...
compiling os_int.c...
compiling os_prio.c...
compiling os_q.c...
compiling os_mutex.c...
compiling os_flag.c...
compiling os_stat.c...
compiling os_sem.c...
compiling os_task.c...
compiling os_tick.c...
assembling os_cpu_a.s...
compiling os_var.c...
compiling os_app_hooks.c...
compiling os_time.c...
compiling os_tmr.c...
compiling spi.c...
compiling os_cpu_c.c...
compiling w25qxx.c...
compiling 24cxx.c...
compiling malloc.c...
compiling text.c...
compiling exfuns.c...
compiling fontupd.c...
compiling sim800c.c...
compiling mycc936.c...
compiling fattester.c...
compiling diskio.c...
compiling ff.c...
compiling sdio_sdcard.c...
linking...
Program Size: Code=109702 RO-data=9834 RW-data=912 ZI-data=1102744  
FromELF: creating hex file...
"..\OBJ\MALLOC.axf" - 0 Error(s), 2 Warning(s).

<h2>Software Packages used:</h2>

Package Vendor: Keil
                http://www.keil.com/pack/Keil.STM32F1xx_DFP.1.0.5.pack
                Keil.STM32F1xx_DFP.1.0.5
                STMicroelectronics STM32F1 Series Device Support, Drivers and Examples

<h2>Collection of Component include folders:</h2>
  .\RTE\_Target_1
  E:\stm32\k5\ARM\PACK\Keil\STM32F1xx_DFP\1.0.5\Device\Include

<h2>Collection of Component Files used:</h2>
Build Time Elapsed:  00:00:11
</pre>
</body>
</html>
